** Drc report for dds.kicad_pcb **
** Created on 2026-05-08T17:26:38 **
** Report includes: Errors, Warnings **

** Found 160 DRC violations **
[shorting_items]: Items shorting two nets (nets  and GND)
    Local override; error
    @(58.0000 mm, 137.6000 mm): Segment [<no net>] of J1 on F.Cu
    @(58.0000 mm, 137.6000 mm): Pad 2 [GND] of J1 on F.Cu
[shorting_items]: Items shorting two nets (nets  and GND)
    Local override; error
    @(96.5075 mm, 137.6000 mm): Segment [<no net>] of J4 on F.Cu
    @(96.5075 mm, 137.6000 mm): Pad 2 [GND] of J4 on F.Cu
[shorting_items]: Items shorting two nets (nets  and GND)
    Local override; error
    @(39.0075 mm, 137.6000 mm): Segment [<no net>] of J2 on F.Cu
    @(39.0075 mm, 137.6000 mm): Pad 2 [GND] of J2 on F.Cu
[shorting_items]: Items shorting two nets (nets  and GND)
    Local override; error
    @(116.5075 mm, 137.6000 mm): Segment [<no net>] of J3 on F.Cu
    @(116.5075 mm, 137.6000 mm): Pad 2 [GND] of J3 on F.Cu
[shorting_items]: Items shorting two nets (nets  and GND)
    Local override; error
    @(58.0000 mm, 137.6000 mm): Segment [<no net>] of J1 on F.Cu
    @(58.0000 mm, 134.8650 mm): PTH pad 2 [GND] of J1
[shorting_items]: Items shorting two nets (nets GND and )
    Local override; error
    @(96.5075 mm, 134.8650 mm): PTH pad 2 [GND] of J4
    @(96.5075 mm, 137.6000 mm): Segment [<no net>] of J4 on F.Cu
[shorting_items]: Items shorting two nets (nets GND and )
    Local override; error
    @(39.0075 mm, 134.8650 mm): PTH pad 2 [GND] of J2
    @(39.0075 mm, 137.6000 mm): Segment [<no net>] of J2 on F.Cu
[shorting_items]: Items shorting two nets (nets  and GND)
    Local override; error
    @(116.5075 mm, 137.6000 mm): Segment [<no net>] of J3 on F.Cu
    @(116.5075 mm, 134.8650 mm): PTH pad 2 [GND] of J3
[shorting_items]: Items shorting two nets (nets  and GND)
    Local override; error
    @(64.9850 mm, 137.6000 mm): Segment [<no net>] of J1 on F.Cu
    @(64.9850 mm, 134.8650 mm): PTH pad 2 [GND] of J1
[shorting_items]: Items shorting two nets (nets  and GND)
    Local override; error
    @(103.4925 mm, 137.6000 mm): Segment [<no net>] of J4 on F.Cu
    @(103.4925 mm, 134.8650 mm): PTH pad 2 [GND] of J4
[shorting_items]: Items shorting two nets (nets GND and )
    Local override; error
    @(45.9925 mm, 134.8650 mm): PTH pad 2 [GND] of J2
    @(45.9925 mm, 137.6000 mm): Segment [<no net>] of J2 on F.Cu
[shorting_items]: Items shorting two nets (nets GND and )
    Local override; error
    @(103.4925 mm, 137.6000 mm): Pad 2 [GND] of J4 on F.Cu
    @(103.4925 mm, 137.6000 mm): Segment [<no net>] of J4 on F.Cu
[shorting_items]: Items shorting two nets (nets  and GND)
    Local override; error
    @(64.9850 mm, 137.6000 mm): Segment [<no net>] of J1 on F.Cu
    @(64.9850 mm, 137.6000 mm): Pad 2 [GND] of J1 on F.Cu
[shorting_items]: Items shorting two nets (nets  and GND)
    Local override; error
    @(96.5075 mm, 137.6000 mm): Segment [<no net>] of J4 on B.Cu
    @(96.5075 mm, 137.6000 mm): Pad 2 [GND] of J4 on B.Cu
[shorting_items]: Items shorting two nets (nets GND and )
    Local override; error
    @(45.9925 mm, 137.6000 mm): Pad 2 [GND] of J2 on F.Cu
    @(45.9925 mm, 137.6000 mm): Segment [<no net>] of J2 on F.Cu
[shorting_items]: Items shorting two nets (nets GND and )
    Local override; error
    @(96.5075 mm, 134.8650 mm): PTH pad 2 [GND] of J4
    @(96.5075 mm, 137.6000 mm): Segment [<no net>] of J4 on B.Cu
[shorting_items]: Items shorting two nets (nets  and GND)
    Local override; error
    @(123.4925 mm, 137.6000 mm): Segment [<no net>] of J3 on F.Cu
    @(123.4925 mm, 134.8650 mm): PTH pad 2 [GND] of J3
[shorting_items]: Items shorting two nets (nets  and GND)
    Local override; error
    @(58.0000 mm, 137.6000 mm): Segment [<no net>] of J1 on B.Cu
    @(58.0000 mm, 137.6000 mm): Pad 2 [GND] of J1 on B.Cu
[shorting_items]: Items shorting two nets (nets GND and )
    Local override; error
    @(103.4925 mm, 134.8650 mm): PTH pad 2 [GND] of J4
    @(103.4925 mm, 137.6000 mm): Segment [<no net>] of J4 on B.Cu
[shorting_items]: Items shorting two nets (nets GND and )
    Local override; error
    @(39.0075 mm, 134.8650 mm): PTH pad 2 [GND] of J2
    @(39.0075 mm, 137.6000 mm): Segment [<no net>] of J2 on B.Cu
[shorting_items]: Items shorting two nets (nets  and GND)
    Local override; error
    @(103.4925 mm, 137.6000 mm): Segment [<no net>] of J4 on B.Cu
    @(103.4925 mm, 137.6000 mm): Pad 2 [GND] of J4 on B.Cu
[shorting_items]: Items shorting two nets (nets  and GND)
    Local override; error
    @(58.0000 mm, 137.6000 mm): Segment [<no net>] of J1 on B.Cu
    @(58.0000 mm, 134.8650 mm): PTH pad 2 [GND] of J1
[shorting_items]: Items shorting two nets (nets  and GND)
    Local override; error
    @(123.4925 mm, 137.6000 mm): Segment [<no net>] of J3 on F.Cu
    @(123.4925 mm, 137.6000 mm): Pad 2 [GND] of J3 on F.Cu
[shorting_items]: Items shorting two nets (nets GND and )
    Local override; error
    @(39.0075 mm, 137.6000 mm): Pad 2 [GND] of J2 on B.Cu
    @(39.0075 mm, 137.6000 mm): Segment [<no net>] of J2 on B.Cu
[shorting_items]: Items shorting two nets (nets GND and )
    Local override; error
    @(64.9850 mm, 137.6000 mm): Pad 2 [GND] of J1 on B.Cu
    @(64.9850 mm, 137.6000 mm): Segment [<no net>] of J1 on B.Cu
[shorting_items]: Items shorting two nets (nets  and GND)
    Local override; error
    @(45.9925 mm, 137.6000 mm): Segment [<no net>] of J2 on B.Cu
    @(45.9925 mm, 137.6000 mm): Pad 2 [GND] of J2 on B.Cu
[shorting_items]: Items shorting two nets (nets  and GND)
    Local override; error
    @(116.5075 mm, 137.6000 mm): Segment [<no net>] of J3 on B.Cu
    @(116.5075 mm, 134.8650 mm): PTH pad 2 [GND] of J3
[shorting_items]: Items shorting two nets (nets  and GND)
    Local override; error
    @(45.9925 mm, 137.6000 mm): Segment [<no net>] of J2 on B.Cu
    @(45.9925 mm, 134.8650 mm): PTH pad 2 [GND] of J2
[shorting_items]: Items shorting two nets (nets GND and )
    Local override; error
    @(64.9850 mm, 134.8650 mm): PTH pad 2 [GND] of J1
    @(64.9850 mm, 137.6000 mm): Segment [<no net>] of J1 on B.Cu
[shorting_items]: Items shorting two nets (nets  and GND)
    Local override; error
    @(116.5075 mm, 137.6000 mm): Segment [<no net>] of J3 on B.Cu
    @(116.5075 mm, 137.6000 mm): Pad 2 [GND] of J3 on B.Cu
[shorting_items]: Items shorting two nets (nets  and GND)
    Local override; error
    @(123.4925 mm, 137.6000 mm): Segment [<no net>] of J3 on B.Cu
    @(123.4925 mm, 134.8650 mm): PTH pad 2 [GND] of J3
[shorting_items]: Items shorting two nets (nets GND and )
    Local override; error
    @(123.4925 mm, 137.6000 mm): Pad 2 [GND] of J3 on B.Cu
    @(123.4925 mm, 137.6000 mm): Segment [<no net>] of J3 on B.Cu
[unresolved_variable]: Unresolved text variable
    Local override; error
    @(56.6100 mm, 51.9100 mm): Footprint text of U2 (${REF})
[solder_mask_bridge]: Front solder mask aperture bridges items with different nets
    Rule: board setup solder mask min width; error
    @(116.5075 mm, 137.6000 mm): Segment [<no net>] of J3 on F.Cu
    @(116.5075 mm, 137.6000 mm): Pad 2 [GND] of J3 on F.Cu
[solder_mask_bridge]: Front solder mask aperture bridges items with different nets
    Rule: board setup solder mask min width; error
    @(39.0075 mm, 137.6000 mm): Segment [<no net>] of J2 on F.Cu
    @(39.0075 mm, 137.6000 mm): Pad 2 [GND] of J2 on F.Cu
[solder_mask_bridge]: Front solder mask aperture bridges items with different nets
    Rule: board setup solder mask min width; error
    @(45.9925 mm, 137.6000 mm): Segment [<no net>] of J2 on F.Cu
    @(45.9925 mm, 137.6000 mm): Pad 2 [GND] of J2 on F.Cu
[solder_mask_bridge]: Front solder mask aperture bridges items with different nets
    Rule: board setup solder mask min width; error
    @(123.4925 mm, 137.6000 mm): Segment [<no net>] of J3 on F.Cu
    @(123.4925 mm, 137.6000 mm): Pad 2 [GND] of J3 on F.Cu
[solder_mask_bridge]: Rear solder mask aperture bridges items with different nets
    Rule: board setup solder mask min width; error
    @(39.0075 mm, 137.6000 mm): Segment [<no net>] of J2 on B.Cu
    @(39.0075 mm, 137.6000 mm): Pad 2 [GND] of J2 on B.Cu
[solder_mask_bridge]: Rear solder mask aperture bridges items with different nets
    Rule: board setup solder mask min width; error
    @(116.5075 mm, 137.6000 mm): Segment [<no net>] of J3 on B.Cu
    @(116.5075 mm, 137.6000 mm): Pad 2 [GND] of J3 on B.Cu
[solder_mask_bridge]: Rear solder mask aperture bridges items with different nets
    Rule: board setup solder mask min width; error
    @(45.9925 mm, 137.6000 mm): Segment [<no net>] of J2 on B.Cu
    @(45.9925 mm, 137.6000 mm): Pad 2 [GND] of J2 on B.Cu
[solder_mask_bridge]: Rear solder mask aperture bridges items with different nets
    Rule: board setup solder mask min width; error
    @(123.4925 mm, 137.6000 mm): Segment [<no net>] of J3 on B.Cu
    @(123.4925 mm, 137.6000 mm): Pad 2 [GND] of J3 on B.Cu
[solder_mask_bridge]: Front solder mask aperture bridges items with different nets
    Rule: board setup solder mask min width; error
    @(96.5075 mm, 137.6000 mm): Segment [<no net>] of J4 on F.Cu
    @(96.5075 mm, 137.6000 mm): Pad 2 [GND] of J4 on F.Cu
[solder_mask_bridge]: Front solder mask aperture bridges items with different nets
    Rule: board setup solder mask min width; error
    @(103.4925 mm, 137.6000 mm): Segment [<no net>] of J4 on F.Cu
    @(103.4925 mm, 137.6000 mm): Pad 2 [GND] of J4 on F.Cu
[solder_mask_bridge]: Rear solder mask aperture bridges items with different nets
    Rule: board setup solder mask min width; error
    @(96.5075 mm, 137.6000 mm): Segment [<no net>] of J4 on B.Cu
    @(96.5075 mm, 137.6000 mm): Pad 2 [GND] of J4 on B.Cu
[solder_mask_bridge]: Rear solder mask aperture bridges items with different nets
    Rule: board setup solder mask min width; error
    @(103.4925 mm, 137.6000 mm): Segment [<no net>] of J4 on B.Cu
    @(103.4925 mm, 137.6000 mm): Pad 2 [GND] of J4 on B.Cu
[solder_mask_bridge]: Front solder mask aperture bridges items with different nets
    Rule: board setup solder mask min width; error
    @(58.0000 mm, 137.6000 mm): Segment [<no net>] of J1 on F.Cu
    @(58.0000 mm, 137.6000 mm): Pad 2 [GND] of J1 on F.Cu
[solder_mask_bridge]: Front solder mask aperture bridges items with different nets
    Rule: board setup solder mask min width; error
    @(64.9850 mm, 137.6000 mm): Segment [<no net>] of J1 on F.Cu
    @(64.9850 mm, 137.6000 mm): Pad 2 [GND] of J1 on F.Cu
[solder_mask_bridge]: Rear solder mask aperture bridges items with different nets
    Rule: board setup solder mask min width; error
    @(58.0000 mm, 137.6000 mm): Segment [<no net>] of J1 on B.Cu
    @(58.0000 mm, 137.6000 mm): Pad 2 [GND] of J1 on B.Cu
[solder_mask_bridge]: Rear solder mask aperture bridges items with different nets
    Rule: board setup solder mask min width; error
    @(64.9850 mm, 137.6000 mm): Segment [<no net>] of J1 on B.Cu
    @(64.9850 mm, 137.6000 mm): Pad 2 [GND] of J1 on B.Cu
[silk_edge_clearance]: Silkscreen clipped by board edge
    Rule: board setup constraints silk; warning
    @(30.0000 mm, 20.0000 mm): Rectangle on Edge.Cuts
    @(156.0000 mm, 19.8500 mm): Reference field of REF**
[silk_edge_clearance]: Silkscreen clipped by board edge
    Rule: board setup constraints silk; warning
    @(30.0000 mm, 20.0000 mm): Rectangle on Edge.Cuts
    @(139.1500 mm, 140.2500 mm): Segment of U1 on F.Silkscreen
[silk_edge_clearance]: Silkscreen clipped by board edge
    Rule: board setup constraints silk; warning
    @(30.0000 mm, 20.0000 mm): Rectangle on Edge.Cuts
    @(150.8500 mm, 138.6000 mm): Segment of U1 on F.Silkscreen
[silk_edge_clearance]: Silkscreen clipped by board edge
    Rule: board setup constraints silk; warning
    @(30.0000 mm, 20.0000 mm): Rectangle on Edge.Cuts
    @(34.0000 mm, 19.8500 mm): Reference field of REF**
[silk_overlap]: Silkscreen clearance
    Rule: board setup constraints silk; warning
    @(102.4500 mm, 99.6250 mm): Reference field of R23
    @(102.4500 mm, 98.6700 mm): Reference field of R17
[silk_overlap]: Silkscreen clearance
    Rule: board setup constraints silk; warning
    @(102.4500 mm, 99.6250 mm): Reference field of R23
    @(101.7229 mm, 99.5900 mm): Segment of R17 on F.Silkscreen
[silk_overlap]: Silkscreen clearance
    Rule: board setup constraints silk; warning
    @(103.1771 mm, 98.7050 mm): Segment of R23 on F.Silkscreen
    @(102.4500 mm, 98.6700 mm): Reference field of R17
[silk_overlap]: Silkscreen clearance
    Rule: board setup constraints silk; warning
    @(103.1771 mm, 96.8850 mm): Segment of R23 on F.Silkscreen
    @(102.4500 mm, 96.9200 mm): Reference field of R22
[silk_overlap]: Silkscreen clearance
    Rule: board setup constraints silk; warning
    @(108.4795 mm, 113.6350 mm): Segment of IC3 on F.Silkscreen
    @(108.8045 mm, 112.1850 mm): Reference field of IC3
[silk_overlap]: Silkscreen clearance
    Rule: board setup constraints silk; warning
    @(108.8045 mm, 112.1850 mm): Reference field of IC3
    @(109.1295 mm, 110.7350 mm): Segment of IC3 on F.Silkscreen
[silk_overlap]: Silkscreen clearance
    Rule: board setup constraints silk; warning
    @(101.7262 mm, 83.6100 mm): Segment of C20 on F.Silkscreen
    @(102.4375 mm, 83.6500 mm): Reference field of C22
[silk_overlap]: Silkscreen clearance
    Rule: board setup constraints silk; warning
    @(102.4375 mm, 81.7500 mm): Reference field of C21
    @(102.4375 mm, 80.8500 mm): Reference field of C20
[silk_overlap]: Silkscreen clearance
    Rule: board setup constraints silk; warning
    @(135.6600 mm, 91.9023 mm): Segment of L5 on F.Silkscreen
    @(135.6500 mm, 94.2500 mm): Reference field of C32
[silk_overlap]: Silkscreen clearance
    Rule: board setup constraints silk; warning
    @(136.6500 mm, 92.7375 mm): Reference field of L5
    @(135.6500 mm, 94.2500 mm): Reference field of C32
[silk_overlap]: Silkscreen clearance
    Rule: board setup constraints silk; warning
    @(139.5238 mm, 81.3400 mm): Segment of C34 on F.Silkscreen
    @(138.8125 mm, 81.2300 mm): Reference field of R29
[silk_overlap]: Silkscreen clearance
    Rule: board setup constraints silk; warning
    @(135.6600 mm, 99.4273 mm): Segment of L6 on F.Silkscreen
    @(135.6500 mm, 102.2500 mm): Reference field of C33
[silk_overlap]: Silkscreen clearance
    Rule: board setup constraints silk; warning
    @(102.4375 mm, 78.9500 mm): Reference field of C23
    @(103.1488 mm, 78.9900 mm): Segment of C21 on F.Silkscreen
[silk_overlap]: Silkscreen clearance
    Rule: board setup constraints silk; warning
    @(103.1488 mm, 80.8100 mm): Segment of C21 on F.Silkscreen
    @(102.4375 mm, 80.8500 mm): Reference field of C20
[silk_overlap]: Silkscreen clearance
    Rule: board setup constraints silk; warning
    @(102.4375 mm, 81.7500 mm): Reference field of C21
    @(101.7262 mm, 81.7900 mm): Segment of C20 on F.Silkscreen
[silk_overlap]: Silkscreen clearance
    Rule: board setup constraints silk; warning
    @(75.6750 mm, 122.8720 mm): Reference field of C8
    @(75.9700 mm, 125.1600 mm): Reference field of TP8
[silk_overlap]: Silkscreen clearance
    Rule: board setup constraints silk; warning
    @(75.6750 mm, 122.8720 mm): Reference field of C8
    @(75.9700 mm, 125.1600 mm): Arc of TP8 on F.Silkscreen
[silk_overlap]: Silkscreen clearance
    Rule: board setup constraints silk; warning
    @(75.9700 mm, 123.5700 mm): Segment of TP8 on F.Silkscreen
    @(75.6750 mm, 122.8720 mm): Reference field of C8
[silk_overlap]: Silkscreen clearance
    Rule: board setup constraints silk; warning
    @(75.6750 mm, 122.8720 mm): Reference field of C8
    @(75.9700 mm, 125.1600 mm): Arc of TP8 on F.Silkscreen
[silk_overlap]: Silkscreen clearance
    Rule: board setup constraints silk; warning
    @(75.9700 mm, 123.5700 mm): Segment of TP8 on F.Silkscreen
    @(75.9700 mm, 125.1600 mm): Reference field of TP8
[silk_overlap]: Silkscreen clearance
    Rule: board setup constraints silk; warning
    @(75.9700 mm, 125.1600 mm): Reference field of TP8
    @(75.9700 mm, 125.1600 mm): Arc of TP8 on F.Silkscreen
[silk_overlap]: Silkscreen clearance
    Rule: board setup constraints silk; warning
    @(75.9700 mm, 125.1600 mm): Reference field of TP8
    @(75.9700 mm, 125.1600 mm): Arc of TP8 on F.Silkscreen
[silk_overlap]: Silkscreen clearance
    Rule: board setup constraints silk; warning
    @(129.2875 mm, 82.1500 mm): Reference field of C28
    @(128.5229 mm, 82.1600 mm): Segment of R25 on F.Silkscreen
[silk_overlap]: Silkscreen clearance
    Rule: board setup constraints silk; warning
    @(135.6500 mm, 86.2500 mm): Reference field of C31
    @(134.6250 mm, 85.0000 mm): Reference field of L4
[silk_overlap]: Silkscreen clearance
    Rule: board setup constraints silk; warning
    @(135.5350 mm, 84.1648 mm): Segment of L4 on F.Silkscreen
    @(135.6500 mm, 86.2500 mm): Reference field of C31
[silk_overlap]: Silkscreen clearance
    Rule: board setup constraints silk; warning
    @(129.2500 mm, 79.4200 mm): Reference field of R25
    @(130.8500 mm, 79.2000 mm): Segment of IC2 on F.Silkscreen
[silk_overlap]: Silkscreen clearance
    Rule: board setup constraints silk; warning
    @(139.6500 mm, 61.7500 mm): Arc of TP10 on F.Silkscreen
    @(139.6500 mm, 61.7500 mm): Reference field of TP10
[silk_overlap]: Silkscreen clearance
    Rule: board setup constraints silk; warning
    @(139.6500 mm, 61.7500 mm): Arc of TP10 on F.Silkscreen
    @(139.6500 mm, 61.7500 mm): Reference field of TP10
[silk_overlap]: Silkscreen clearance
    Rule: board setup constraints silk; warning
    @(142.0000 mm, 74.7500 mm): Reference field of TP14
    @(140.2125 mm, 75.1500 mm): Reference field of C29
[silk_overlap]: Silkscreen clearance
    Rule: board setup constraints silk; warning
    @(143.5900 mm, 74.7500 mm): Segment of TP14 on F.Silkscreen
    @(142.0000 mm, 74.7500 mm): Reference field of TP14
[silk_overlap]: Silkscreen clearance
    Rule: board setup constraints silk; warning
    @(142.0000 mm, 74.7500 mm): Reference field of TP14
    @(142.0000 mm, 74.7500 mm): Arc of TP14 on F.Silkscreen
[silk_overlap]: Silkscreen clearance
    Rule: board setup constraints silk; warning
    @(142.0000 mm, 74.7500 mm): Arc of TP14 on F.Silkscreen
    @(142.0000 mm, 74.7500 mm): Reference field of TP14
[silk_overlap]: Silkscreen clearance
    Rule: board setup constraints silk; warning
    @(140.2125 mm, 75.1500 mm): Reference field of C29
    @(142.0000 mm, 74.7500 mm): Arc of TP14 on F.Silkscreen
[silk_overlap]: Silkscreen clearance
    Rule: board setup constraints silk; warning
    @(142.0000 mm, 74.7500 mm): Arc of TP14 on F.Silkscreen
    @(140.2125 mm, 75.1500 mm): Reference field of C29
[silk_overlap]: Silkscreen clearance
    Rule: board setup constraints silk; warning
    @(140.4100 mm, 74.7500 mm): Segment of TP14 on F.Silkscreen
    @(140.2125 mm, 75.1500 mm): Reference field of C29
[silk_overlap]: Silkscreen clearance
    Rule: board setup constraints silk; warning
    @(76.0500 mm, 61.7500 mm): Reference field of TP3
    @(76.0500 mm, 61.7500 mm): Arc of TP3 on F.Silkscreen
[silk_overlap]: Silkscreen clearance
    Rule: board setup constraints silk; warning
    @(76.0500 mm, 61.7500 mm): Arc of TP3 on F.Silkscreen
    @(76.0500 mm, 61.7500 mm): Reference field of TP3
[silk_overlap]: Silkscreen clearance
    Rule: board setup constraints silk; warning
    @(76.0500 mm, 61.7500 mm): Reference field of TP3
    @(76.0500 mm, 60.1600 mm): Segment of TP3 on F.Silkscreen
[silk_overlap]: Silkscreen clearance
    Rule: board setup constraints silk; warning
    @(82.6500 mm, 61.7500 mm): Reference field of TP1
    @(82.6500 mm, 61.7500 mm): Arc of TP1 on F.Silkscreen
[silk_overlap]: Silkscreen clearance
    Rule: board setup constraints silk; warning
    @(82.6500 mm, 61.7500 mm): Reference field of TP1
    @(82.6500 mm, 61.7500 mm): Arc of TP1 on F.Silkscreen
[silk_overlap]: Silkscreen clearance
    Rule: board setup constraints silk; warning
    @(99.8500 mm, 61.7500 mm): Arc of TP11 on F.Silkscreen
    @(99.8500 mm, 61.7500 mm): Reference field of TP11
[silk_overlap]: Silkscreen clearance
    Rule: board setup constraints silk; warning
    @(87.8500 mm, 61.7500 mm): Arc of TP2 on F.Silkscreen
    @(87.8500 mm, 61.7500 mm): Reference field of TP2
[silk_overlap]: Silkscreen clearance
    Rule: board setup constraints silk; warning
    @(87.8500 mm, 60.1600 mm): Segment of TP2 on F.Silkscreen
    @(87.8500 mm, 61.7500 mm): Reference field of TP2
[silk_overlap]: Silkscreen clearance
    Rule: board setup constraints silk; warning
    @(87.8500 mm, 61.7500 mm): Reference field of TP2
    @(87.8500 mm, 61.7500 mm): Arc of TP2 on F.Silkscreen
[silk_overlap]: Silkscreen clearance
    Rule: board setup constraints silk; warning
    @(93.0500 mm, 61.7500 mm): Arc of TP4 on F.Silkscreen
    @(93.0500 mm, 61.7500 mm): Reference field of TP4
[silk_overlap]: Silkscreen clearance
    Rule: board setup constraints silk; warning
    @(93.0500 mm, 61.7500 mm): Reference field of TP4
    @(93.0500 mm, 61.7500 mm): Arc of TP4 on F.Silkscreen
[silk_overlap]: Silkscreen clearance
    Rule: board setup constraints silk; warning
    @(93.0500 mm, 61.7500 mm): Reference field of TP4
    @(93.0500 mm, 60.1600 mm): Segment of TP4 on F.Silkscreen
[silk_overlap]: Silkscreen clearance
    Rule: board setup constraints silk; warning
    @(99.8500 mm, 61.7500 mm): Arc of TP11 on F.Silkscreen
    @(99.8500 mm, 61.7500 mm): Reference field of TP11
[silk_overlap]: Silkscreen clearance
    Rule: board setup constraints silk; warning
    @(99.8500 mm, 61.7500 mm): Reference field of TP11
    @(99.8500 mm, 60.1600 mm): Segment of TP11 on F.Silkscreen
[silk_overlap]: Silkscreen clearance
    Rule: board setup constraints silk; warning
    @(106.2500 mm, 61.7500 mm): Reference field of TP5
    @(106.2500 mm, 61.7500 mm): Arc of TP5 on F.Silkscreen
[silk_overlap]: Silkscreen clearance
    Rule: board setup constraints silk; warning
    @(106.2500 mm, 61.7500 mm): Reference field of TP5
    @(106.2500 mm, 61.7500 mm): Arc of TP5 on F.Silkscreen
[silk_overlap]: Silkscreen clearance
    Rule: board setup constraints silk; warning
    @(106.2500 mm, 61.7500 mm): Reference field of TP5
    @(107.8400 mm, 61.7500 mm): Segment of TP5 on F.Silkscreen
[silk_overlap]: Silkscreen clearance
    Rule: board setup constraints silk; warning
    @(77.4500 mm, 76.2800 mm): Reference field of R1
    @(76.7229 mm, 76.3150 mm): Segment of R6 on F.Silkscreen
[silk_overlap]: Silkscreen clearance
    Rule: board setup constraints silk; warning
    @(77.4500 mm, 76.2800 mm): Reference field of R1
    @(77.4500 mm, 75.3950 mm): Reference field of R6
[silk_overlap]: Silkscreen clearance
    Rule: board setup constraints silk; warning
    @(78.1771 mm, 75.3600 mm): Segment of R1 on F.Silkscreen
    @(77.4500 mm, 75.3950 mm): Reference field of R6
[silk_overlap]: Silkscreen clearance
    Rule: board setup constraints silk; warning
    @(76.7229 mm, 78.1350 mm): Segment of R6 on F.Silkscreen
    @(77.4500 mm, 78.1700 mm): Reference field of R7
[silk_over_copper]: Silkscreen clipped by solder mask
    Local override; warning
    @(102.4500 mm, 99.6250 mm): Reference field of R23
    @(100.9000 mm, 100.5000 mm): Pad 1 [GND] of R17 on F.Cu
[silk_over_copper]: Silkscreen clipped by solder mask
    Local override; warning
    @(102.4500 mm, 99.6250 mm): Reference field of R23
    @(104.0000 mm, 100.5000 mm): Pad 2 [Net-(U4-SLEEP)] of R17 on F.Cu
[silk_over_copper]: Silkscreen clipped by solder mask
    Local override; warning
    @(102.4500 mm, 98.6700 mm): Reference field of R17
    @(100.9000 mm, 97.7950 mm): Pad 2 [Net-(U4-FSELECT)] of R23 on F.Cu
[silk_over_copper]: Silkscreen clipped by solder mask
    Local override; warning
    @(102.4500 mm, 98.6700 mm): Reference field of R17
    @(104.0000 mm, 97.7950 mm): Pad 1 [GND] of R23 on F.Cu
[silk_over_copper]: Silkscreen clipped by solder mask
    Local override; warning
    @(108.8045 mm, 112.1850 mm): Reference field of IC3
    @(107.5545 mm, 113.1350 mm): Pad 3 [/Vbus_5V] of IC3 on F.Cu
[silk_over_copper]: Silkscreen clipped by solder mask
    Local override; warning
    @(108.8045 mm, 112.1850 mm): Reference field of IC3
    @(107.5545 mm, 112.1850 mm): Pad 2 [GND] of IC3 on F.Cu
[silk_over_copper]: Silkscreen clipped by solder mask
    Local override; warning
    @(108.8045 mm, 112.1850 mm): Reference field of IC3
    @(107.5545 mm, 111.2350 mm): Pad 1 [/Vbus_5V] of IC3 on F.Cu
[silk_over_copper]: Silkscreen clipped by solder mask
    Local override; warning
    @(108.8045 mm, 112.1850 mm): Reference field of IC3
    @(110.0545 mm, 111.2350 mm): Pad 5 [/4.5V] of IC3 on F.Cu
[silk_over_copper]: Silkscreen clipped by solder mask
    Local override; warning
    @(108.8045 mm, 112.1850 mm): Reference field of IC3
    @(110.0545 mm, 113.1350 mm): Pad 4 [Net-(IC3-ADJ)] of IC3 on F.Cu
[silk_over_copper]: Silkscreen clipped by solder mask
    Local override; warning
    @(92.9970 mm, 85.1500 mm): Reference field of Y1
    @(93.8720 mm, 86.2500 mm): Pad 3 [/main_CLK] of Y1 on F.Cu
[silk_over_copper]: Silkscreen clipped by solder mask
    Local override; warning
    @(92.9970 mm, 85.1500 mm): Reference field of Y1
    @(92.1220 mm, 86.2500 mm): Pad 2 [GND] of Y1 on F.Cu
[silk_over_copper]: Silkscreen clipped by solder mask
    Local override; warning
    @(92.9970 mm, 85.1500 mm): Reference field of Y1
    @(93.8720 mm, 84.0500 mm): Pad 4 [/3.3V] of Y1 on F.Cu
[silk_over_copper]: Silkscreen clipped by solder mask
    Local override; warning
    @(92.9970 mm, 85.1500 mm): Reference field of Y1
    @(92.1220 mm, 84.0500 mm): Pad 1 [unconnected-(Y1-STAND-BY_FUNCTION-Pad1)] of Y1 on F.Cu
[silk_over_copper]: Silkscreen clipped by solder mask
    Local override; warning
    @(102.4375 mm, 83.6500 mm): Reference field of C22
    @(100.8750 mm, 82.7000 mm): Pad 1 [GND] of C20 on F.Cu
[silk_over_copper]: Silkscreen clipped by solder mask
    Local override; warning
    @(102.4375 mm, 83.6500 mm): Reference field of C22
    @(104.0000 mm, 82.7000 mm): Pad 2 [/3.3V] of C20 on F.Cu
[silk_over_copper]: Silkscreen clipped by solder mask
    Local override; warning
    @(102.4375 mm, 80.8500 mm): Reference field of C20
    @(100.8750 mm, 79.9000 mm): Pad 2 [GND] of C21 on F.Cu
[silk_over_copper]: Silkscreen clipped by solder mask
    Local override; warning
    @(102.4375 mm, 81.7500 mm): Reference field of C21
    @(100.8750 mm, 82.7000 mm): Pad 1 [GND] of C20 on F.Cu
[silk_over_copper]: Silkscreen clipped by solder mask
    Local override; warning
    @(138.8125 mm, 92.1000 mm): Reference field of C35
    @(137.5000 mm, 92.6875 mm): Pad 2 [Net-(C31-Pad1)] of C32 on F.Cu
[silk_over_copper]: Silkscreen clipped by solder mask
    Local override; warning
    @(136.6500 mm, 92.7375 mm): Reference field of L5
    @(137.5000 mm, 92.6875 mm): Pad 2 [Net-(C31-Pad1)] of C32 on F.Cu
[silk_over_copper]: Silkscreen clipped by solder mask
    Local override; warning
    @(135.6500 mm, 94.2500 mm): Reference field of C32
    @(134.7500 mm, 94.4000 mm): Pad 2 [Net-(C32-Pad1)] of L5 on F.Cu
[silk_over_copper]: Silkscreen clipped by solder mask
    Local override; warning
    @(138.8125 mm, 84.1000 mm): Reference field of C34
    @(137.5000 mm, 84.6875 mm): Pad 2 [Net-(C31-Pad2)] of C31 on F.Cu
[silk_over_copper]: Silkscreen clipped by solder mask
    Local override; warning
    @(136.6500 mm, 100.2625 mm): Reference field of L6
    @(137.5000 mm, 100.6875 mm): Pad 2 [Net-(C32-Pad1)] of C33 on F.Cu
[silk_over_copper]: Silkscreen clipped by solder mask
    Local override; warning
    @(135.6500 mm, 102.2500 mm): Reference field of C33
    @(134.7500 mm, 101.9250 mm): Pad 2 [/SMA_IOUTB_2] of L6 on F.Cu
[silk_over_copper]: Silkscreen clipped by solder mask
    Local override; warning
    @(138.8125 mm, 100.1000 mm): Reference field of C36
    @(137.5000 mm, 100.6875 mm): Pad 2 [Net-(C32-Pad1)] of C33 on F.Cu
[silk_over_copper]: Silkscreen clipped by solder mask
    Local override; warning
    @(102.4375 mm, 78.9500 mm): Reference field of C23
    @(104.0000 mm, 79.9000 mm): Pad 1 [/3.3V] of C21 on F.Cu
[silk_over_copper]: Silkscreen clipped by solder mask
    Local override; warning
    @(102.4375 mm, 80.8500 mm): Reference field of C20
    @(104.0000 mm, 79.9000 mm): Pad 1 [/3.3V] of C21 on F.Cu
[silk_over_copper]: Silkscreen clipped by solder mask
    Local override; warning
    @(102.4375 mm, 81.7500 mm): Reference field of C21
    @(104.0000 mm, 82.7000 mm): Pad 2 [/3.3V] of C20 on F.Cu
[silk_over_copper]: Silkscreen clipped by solder mask
    Local override; warning
    @(102.4500 mm, 96.9200 mm): Reference field of R22
    @(100.9000 mm, 97.7950 mm): Pad 2 [Net-(U4-FSELECT)] of R23 on F.Cu
[silk_over_copper]: Silkscreen clipped by solder mask
    Local override; warning
    @(102.4500 mm, 96.9200 mm): Reference field of R22
    @(104.0000 mm, 97.7950 mm): Pad 1 [GND] of R23 on F.Cu
[silk_over_copper]: Silkscreen clipped by solder mask
    Local override; warning
    @(75.9700 mm, 125.1600 mm): Reference field of TP8
    @(75.9700 mm, 125.1600 mm): PTH pad 1 [Net-(C12-Pad2)] of TP8
[silk_over_copper]: Silkscreen clipped by solder mask
    Local override; warning
    @(135.6500 mm, 86.2500 mm): Reference field of C31
    @(134.6250 mm, 86.6625 mm): Pad 2 [Net-(C31-Pad1)] of L4 on F.Cu
[silk_over_copper]: Silkscreen clipped by solder mask
    Local override; warning
    @(129.2875 mm, 82.1500 mm): Reference field of C28
    @(127.7000 mm, 81.2500 mm): Pad 1 [Net-(IC2-+IN)] of R25 on F.Cu
[silk_over_copper]: Silkscreen clipped by solder mask
    Local override; warning
    @(138.8125 mm, 81.2300 mm): Reference field of R29
    @(137.2500 mm, 82.2500 mm): Pad 2 [Net-(C31-Pad2)] of C34 on F.Cu
[silk_over_copper]: Silkscreen clipped by solder mask
    Local override; warning
    @(129.2875 mm, 82.1500 mm): Reference field of C28
    @(130.8000 mm, 81.2500 mm): Pad 2 [/4.5V] of R25 on F.Cu
[silk_over_copper]: Silkscreen clipped by solder mask
    Local override; warning
    @(122.6500 mm, 87.2500 mm): Reference field of TP15
    @(123.5000 mm, 87.7500 mm): Pad 1 [/DDS2_IOUT] of C38 on F.Cu
[silk_over_copper]: Silkscreen clipped by solder mask
    Local override; warning
    @(122.6500 mm, 87.2500 mm): Reference field of TP15
    @(120.8500 mm, 87.7500 mm): Pad 2 [/DDS2_IOUT] of R31 on F.Cu
[silk_over_copper]: Silkscreen clipped by solder mask
    Local override; warning
    @(114.7500 mm, 79.1000 mm): Reference field of R18
    @(115.3750 mm, 77.7500 mm): Pad 1 [/DDS2_IOUTB] of C30 on F.Cu
[silk_over_copper]: Silkscreen clipped by solder mask
    Local override; warning
    @(114.7500 mm, 79.1000 mm): Reference field of R18
    @(115.4500 mm, 80.5000 mm): Pad 2 [/DDS2_IOUTB] of R27 on F.Cu
[silk_over_copper]: Silkscreen clipped by solder mask
    Local override; warning
    @(139.6500 mm, 61.7500 mm): Reference field of TP10
    @(139.6500 mm, 61.7500 mm): PTH pad 1 [GND] of TP10
[silk_over_copper]: Silkscreen clipped by solder mask
    Local override; warning
    @(138.8125 mm, 81.2300 mm): Reference field of R29
    @(140.3750 mm, 82.2500 mm): Pad 1 [GND] of C34 on F.Cu
[silk_over_copper]: Silkscreen clipped by solder mask
    Local override; warning
    @(136.5800 mm, 79.3000 mm): Reference field of R26
    @(137.2625 mm, 79.4000 mm): Pad 2 [Net-(C31-Pad2)] of R29 on F.Cu
[silk_over_copper]: Silkscreen clipped by solder mask
    Local override; warning
    @(142.0000 mm, 74.7500 mm): Reference field of TP14
    @(142.0000 mm, 74.7500 mm): PTH pad 1 [Net-(C31-Pad2)] of TP14
[silk_over_copper]: Silkscreen clipped by solder mask
    Local override; warning
    @(140.2125 mm, 75.1500 mm): Reference field of C29
    @(142.0000 mm, 74.7500 mm): PTH pad 1 [Net-(C31-Pad2)] of TP14
[silk_over_copper]: Silkscreen clipped by solder mask
    Local override; warning
    @(76.0500 mm, 61.7500 mm): Reference field of TP3
    @(76.0500 mm, 61.7500 mm): PTH pad 1 [/FSYNC1] of TP3
[silk_over_copper]: Silkscreen clipped by solder mask
    Local override; warning
    @(82.6500 mm, 61.7500 mm): Reference field of TP1
    @(82.6500 mm, 61.7500 mm): PTH pad 1 [/SCLK] of TP1
[silk_over_copper]: Silkscreen clipped by solder mask
    Local override; warning
    @(102.4375 mm, 78.9500 mm): Reference field of C23
    @(100.8750 mm, 79.9000 mm): Pad 2 [GND] of C21 on F.Cu
[silk_over_copper]: Silkscreen clipped by solder mask
    Local override; warning
    @(99.8500 mm, 61.7500 mm): Reference field of TP11
    @(99.8500 mm, 61.7500 mm): PTH pad 1 [/FSYNC2] of TP11
[silk_over_copper]: Silkscreen clipped by solder mask
    Local override; warning
    @(87.8500 mm, 61.7500 mm): Reference field of TP2
    @(87.8500 mm, 61.7500 mm): PTH pad 1 [/SDATA] of TP2
[silk_over_copper]: Silkscreen clipped by solder mask
    Local override; warning
    @(93.0500 mm, 61.7500 mm): Reference field of TP4
    @(93.0500 mm, 61.7500 mm): PTH pad 1 [/RESET] of TP4
[silk_over_copper]: Silkscreen clipped by solder mask
    Local override; warning
    @(106.2500 mm, 61.7500 mm): Reference field of TP5
    @(106.2500 mm, 61.7500 mm): PTH pad 1 [/PSEL] of TP5
[silk_over_copper]: Silkscreen clipped by solder mask
    Local override; warning
    @(77.4500 mm, 78.1700 mm): Reference field of R7
    @(79.0000 mm, 77.2250 mm): Pad 2 [/PSEL] of R6 on F.Cu

** Found 221 unconnected pads **
[unconnected_items]: Missing connection between items
    Local override; error
    @(134.7500 mm, 98.6000 mm): Pad 1 [Net-(C32-Pad1)] of L6 on F.Cu
    @(137.2500 mm, 98.2500 mm): Pad 2 [Net-(C32-Pad1)] of C36 on F.Cu
[unconnected_items]: Missing connection between items
    Local override; error
    @(137.2500 mm, 98.2500 mm): Pad 2 [Net-(C32-Pad1)] of C36 on F.Cu
    @(137.5000 mm, 95.8125 mm): Pad 1 [Net-(C32-Pad1)] of C32 on F.Cu
[unconnected_items]: Missing connection between items
    Local override; error
    @(137.5000 mm, 95.8125 mm): Pad 1 [Net-(C32-Pad1)] of C32 on F.Cu
    @(134.7500 mm, 94.4000 mm): Pad 2 [Net-(C32-Pad1)] of L5 on F.Cu
[unconnected_items]: Missing connection between items
    Local override; error
    @(137.5000 mm, 100.6875 mm): Pad 2 [Net-(C32-Pad1)] of C33 on F.Cu
    @(137.2500 mm, 98.2500 mm): Pad 2 [Net-(C32-Pad1)] of C36 on F.Cu
[unconnected_items]: Missing connection between items
    Local override; error
    @(39.0075 mm, 134.8650 mm): PTH pad 2 [GND] of J2
    @(39.0075 mm, 137.6000 mm): Pad 2 [GND] of J2 on F.Cu
[unconnected_items]: Missing connection between items
    Local override; error
    @(39.0075 mm, 137.6000 mm): Pad 2 [GND] of J2 on B.Cu
    @(39.0075 mm, 137.6000 mm): Pad 2 [GND] of J2 on F.Cu
[unconnected_items]: Missing connection between items
    Local override; error
    @(43.8700 mm, 115.5820 mm): Pad 1 [GND] of R14 on F.Cu
    @(43.8700 mm, 124.0850 mm): Pad 1 [GND] of C18 on F.Cu
[unconnected_items]: Missing connection between items
    Local override; error
    @(43.8700 mm, 124.0850 mm): Pad 1 [GND] of C18 on F.Cu
    @(52.2271 mm, 124.1600 mm): Pad 1 [GND] of C17 on F.Cu
[unconnected_items]: Missing connection between items
    Local override; error
    @(43.8700 mm, 124.0850 mm): Pad 1 [GND] of C18 on F.Cu
    @(45.9925 mm, 134.8650 mm): PTH pad 2 [GND] of J2
[unconnected_items]: Missing connection between items
    Local override; error
    @(45.9925 mm, 134.8650 mm): PTH pad 2 [GND] of J2
    @(39.0075 mm, 134.8650 mm): PTH pad 2 [GND] of J2
[unconnected_items]: Missing connection between items
    Local override; error
    @(45.9925 mm, 137.6000 mm): Pad 2 [GND] of J2 on F.Cu
    @(45.9925 mm, 137.6000 mm): Pad 2 [GND] of J2 on B.Cu
[unconnected_items]: Missing connection between items
    Local override; error
    @(45.9925 mm, 137.6000 mm): Pad 2 [GND] of J2 on F.Cu
    @(45.9925 mm, 134.8650 mm): PTH pad 2 [GND] of J2
[unconnected_items]: Missing connection between items
    Local override; error
    @(52.2271 mm, 124.1600 mm): Pad 1 [GND] of C17 on F.Cu
    @(60.5843 mm, 124.1600 mm): Pad 1 [GND] of C16 on F.Cu
[unconnected_items]: Missing connection between items
    Local override; error
    @(58.0000 mm, 134.8650 mm): PTH pad 2 [GND] of J1
    @(64.9850 mm, 134.8650 mm): PTH pad 2 [GND] of J1
[unconnected_items]: Missing connection between items
    Local override; error
    @(58.0000 mm, 134.8650 mm): PTH pad 2 [GND] of J1
    @(60.5843 mm, 124.1600 mm): Pad 1 [GND] of C16 on F.Cu
[unconnected_items]: Missing connection between items
    Local override; error
    @(58.0000 mm, 137.6000 mm): Pad 2 [GND] of J1 on B.Cu
    @(58.0000 mm, 137.6000 mm): Pad 2 [GND] of J1 on F.Cu
[unconnected_items]: Missing connection between items
    Local override; error
    @(58.0000 mm, 137.6000 mm): Pad 2 [GND] of J1 on F.Cu
    @(58.0000 mm, 134.8650 mm): PTH pad 2 [GND] of J1
[unconnected_items]: Missing connection between items
    Local override; error
    @(60.5843 mm, 124.1600 mm): Pad 1 [GND] of C16 on F.Cu
    @(68.9414 mm, 123.9225 mm): Pad 1 [GND] of C15 on F.Cu
[unconnected_items]: Missing connection between items
    Local override; error
    @(63.7750 mm, 94.5380 mm): Pad 1 [GND] of R15 on F.Cu
    @(69.1250 mm, 94.5380 mm): Pad 1 [GND] of R11 on F.Cu
[unconnected_items]: Missing connection between items
    Local override; error
    @(64.9850 mm, 134.8650 mm): PTH pad 2 [GND] of J1
    @(64.9850 mm, 137.6000 mm): Pad 2 [GND] of J1 on F.Cu
[unconnected_items]: Missing connection between items
    Local override; error
    @(64.9850 mm, 137.6000 mm): Pad 2 [GND] of J1 on F.Cu
    @(64.9850 mm, 137.6000 mm): Pad 2 [GND] of J1 on B.Cu
[unconnected_items]: Missing connection between items
    Local override; error
    @(68.9414 mm, 123.9225 mm): Pad 1 [GND] of C15 on F.Cu
    @(71.7700 mm, 123.9100 mm): Pad 1 [GND] of R13 on F.Cu
[unconnected_items]: Missing connection between items
    Local override; error
    @(69.1250 mm, 94.5380 mm): Pad 1 [GND] of R11 on F.Cu
    @(74.6250 mm, 97.5000 mm): Pad 2 [GND] of R2 on F.Cu
[unconnected_items]: Missing connection between items
    Local override; error
    @(69.4000 mm, 107.4100 mm): Pad 1 [GND] of R12 on F.Cu
    @(66.6200 mm, 111.1600 mm): Pad 1 [GND] of C10 on F.Cu
[unconnected_items]: Missing connection between items
    Local override; error
    @(69.4000 mm, 107.4100 mm): Pad 1 [GND] of R12 on F.Cu
    @(63.7500 mm, 105.6000 mm): Pad 1 [GND] of R16 on F.Cu
[unconnected_items]: Missing connection between items
    Local override; error
    @(71.7650 mm, 110.0260 mm): Pad 4 [GND] of IC1 on F.Cu
    @(69.4000 mm, 107.4100 mm): Pad 1 [GND] of R12 on F.Cu
[unconnected_items]: Missing connection between items
    Local override; error
    @(74.3825 mm, 90.5000 mm): Pad 18 [GND] of U3 on F.Cu
    @(69.1250 mm, 94.5380 mm): Pad 1 [GND] of R11 on F.Cu
[unconnected_items]: Missing connection between items
    Local override; error
    @(74.6250 mm, 97.5000 mm): Pad 2 [GND] of R2 on F.Cu
    @(77.3750 mm, 97.5000 mm): Pad 2 [GND] of C9 on F.Cu
[unconnected_items]: Missing connection between items
    Local override; error
    @(74.8750 mm, 104.7500 mm): Pad 1 [GND] of C6 on F.Cu
    @(69.4000 mm, 107.4100 mm): Pad 1 [GND] of R12 on F.Cu
[unconnected_items]: Missing connection between items
    Local override; error
    @(74.8750 mm, 104.7500 mm): Pad 1 [GND] of C6 on F.Cu
    @(74.6250 mm, 97.5000 mm): Pad 2 [GND] of R2 on F.Cu
[unconnected_items]: Missing connection between items
    Local override; error
    @(75.8700 mm, 121.1600 mm): Pad 2 [GND] of C8 on F.Cu
    @(71.7700 mm, 123.9100 mm): Pad 1 [GND] of R13 on F.Cu
[unconnected_items]: Missing connection between items
    Local override; error
    @(75.9000 mm, 77.2250 mm): Pad 1 [GND] of R6 on F.Cu
    @(79.0000 mm, 74.4500 mm): Pad 1 [GND] of R1 on F.Cu
[unconnected_items]: Missing connection between items
    Local override; error
    @(75.9000 mm, 77.2250 mm): Pad 1 [GND] of R6 on F.Cu
    @(45.4300 mm, 50.3200 mm): PTH pad 4 [GND] of U2
[unconnected_items]: Missing connection between items
    Local override; error
    @(75.9000 mm, 80.0000 mm): Pad 1 [GND] of R7 on F.Cu
    @(75.9000 mm, 77.2250 mm): Pad 1 [GND] of R6 on F.Cu
[unconnected_items]: Missing connection between items
    Local override; error
    @(78.6200 mm, 121.1600 mm): Pad 2 [GND] of C7 on F.Cu
    @(75.8700 mm, 121.1600 mm): Pad 2 [GND] of C8 on F.Cu
[unconnected_items]: Missing connection between items
    Local override; error
    @(78.6200 mm, 121.1600 mm): Pad 2 [GND] of C7 on F.Cu
    @(80.7200 mm, 110.1380 mm): Pad 1 [GND] of R5 on F.Cu
[unconnected_items]: Missing connection between items
    Local override; error
    @(80.0450 mm, 97.5000 mm): Pad 2 [GND] of C5 on F.Cu
    @(77.3750 mm, 97.5000 mm): Pad 2 [GND] of C9 on F.Cu
[unconnected_items]: Missing connection between items
    Local override; error
    @(80.1075 mm, 87.9000 mm): Pad 7 [GND] of U3 on F.Cu
    @(74.3825 mm, 90.5000 mm): Pad 18 [GND] of U3 on F.Cu
[unconnected_items]: Missing connection between items
    Local override; error
    @(80.1075 mm, 87.9000 mm): Pad 7 [GND] of U3 on F.Cu
    @(75.9000 mm, 80.0000 mm): Pad 1 [GND] of R7 on F.Cu
[unconnected_items]: Missing connection between items
    Local override; error
    @(80.7200 mm, 110.1380 mm): Pad 1 [GND] of R5 on F.Cu
    @(74.8750 mm, 104.7500 mm): Pad 1 [GND] of C6 on F.Cu
[unconnected_items]: Missing connection between items
    Local override; error
    @(87.2500 mm, 89.0000 mm): Pad 1 [GND] of C3 on F.Cu
    @(92.1220 mm, 86.2500 mm): Pad 2 [GND] of Y1 on F.Cu
[unconnected_items]: Missing connection between items
    Local override; error
    @(87.2500 mm, 89.0000 mm): Pad 1 [GND] of C3 on F.Cu
    @(80.1075 mm, 87.9000 mm): Pad 7 [GND] of U3 on F.Cu
[unconnected_items]: Missing connection between items
    Local override; error
    @(87.2500 mm, 91.6667 mm): Pad 1 [GND] of C1 on F.Cu
    @(87.2500 mm, 89.0000 mm): Pad 1 [GND] of C3 on F.Cu
[unconnected_items]: Missing connection between items
    Local override; error
    @(87.2500 mm, 94.3333 mm): Pad 2 [GND] of C2 on F.Cu
    @(87.2500 mm, 91.6667 mm): Pad 1 [GND] of C1 on F.Cu
[unconnected_items]: Missing connection between items
    Local override; error
    @(92.1220 mm, 86.2500 mm): Pad 2 [GND] of Y1 on F.Cu
    @(91.3750 mm, 80.7500 mm): Pad 2 [GND] of C39 on F.Cu
[unconnected_items]: Missing connection between items
    Local override; error
    @(96.5075 mm, 134.8650 mm): PTH pad 2 [GND] of J4
    @(96.5075 mm, 137.6000 mm): Pad 2 [GND] of J4 on B.Cu
[unconnected_items]: Missing connection between items
    Local override; error
    @(96.5075 mm, 137.6000 mm): Pad 2 [GND] of J4 on B.Cu
    @(96.5075 mm, 137.6000 mm): Pad 2 [GND] of J4 on F.Cu
[unconnected_items]: Missing connection between items
    Local override; error
    @(96.5075 mm, 137.6000 mm): Pad 2 [GND] of J4 on B.Cu
    @(103.4925 mm, 137.6000 mm): Pad 2 [GND] of J4 on F.Cu
[unconnected_items]: Missing connection between items
    Local override; error
    @(100.8750 mm, 79.9000 mm): Pad 2 [GND] of C21 on F.Cu
    @(100.8750 mm, 82.7000 mm): Pad 1 [GND] of C20 on F.Cu
[unconnected_items]: Missing connection between items
    Local override; error
    @(100.8750 mm, 79.9000 mm): Pad 2 [GND] of C21 on F.Cu
    @(107.2500 mm, 77.5000 mm): Pad 2 [GND] of C24 on F.Cu
[unconnected_items]: Missing connection between items
    Local override; error
    @(100.8750 mm, 85.5000 mm): Pad 1 [GND] of C22 on F.Cu
    @(100.8750 mm, 82.7000 mm): Pad 1 [GND] of C20 on F.Cu
[unconnected_items]: Missing connection between items
    Local override; error
    @(100.8750 mm, 85.5000 mm): Pad 1 [GND] of C22 on F.Cu
    @(92.1220 mm, 86.2500 mm): Pad 2 [GND] of Y1 on F.Cu
[unconnected_items]: Missing connection between items
    Local override; error
    @(103.4925 mm, 134.8650 mm): PTH pad 2 [GND] of J4
    @(103.4925 mm, 137.6000 mm): Pad 2 [GND] of J4 on F.Cu
[unconnected_items]: Missing connection between items
    Local override; error
    @(103.4925 mm, 137.6000 mm): Pad 2 [GND] of J4 on B.Cu
    @(103.4925 mm, 137.6000 mm): Pad 2 [GND] of J4 on F.Cu
[unconnected_items]: Missing connection between items
    Local override; error
    @(104.0000 mm, 95.0900 mm): Pad 1 [GND] of R22 on F.Cu
    @(104.0000 mm, 97.7950 mm): Pad 1 [GND] of R23 on F.Cu
[unconnected_items]: Missing connection between items
    Local override; error
    @(104.0000 mm, 95.0900 mm): Pad 1 [GND] of R22 on F.Cu
    @(107.6375 mm, 86.6000 mm): Pad 7 [GND] of U4 on F.Cu
[unconnected_items]: Missing connection between items
    Local override; error
    @(104.0000 mm, 97.7950 mm): Pad 1 [GND] of R23 on F.Cu
    @(100.9000 mm, 100.5000 mm): Pad 1 [GND] of R17 on F.Cu
[unconnected_items]: Missing connection between items
    Local override; error
    @(104.7500 mm, 113.5750 mm): Pad 2 [GND] of C40 on F.Cu
    @(107.5545 mm, 112.1850 mm): Pad 2 [GND] of IC3 on F.Cu
[unconnected_items]: Missing connection between items
    Local override; error
    @(107.5545 mm, 112.1850 mm): Pad 2 [GND] of IC3 on F.Cu
    @(112.7500 mm, 108.7750 mm): Pad 2 [GND] of C41 on F.Cu
[unconnected_items]: Missing connection between items
    Local override; error
    @(107.5545 mm, 112.1850 mm): Pad 2 [GND] of IC3 on F.Cu
    @(100.9000 mm, 100.5000 mm): Pad 1 [GND] of R17 on F.Cu
[unconnected_items]: Missing connection between items
    Local override; error
    @(107.6375 mm, 86.6000 mm): Pad 7 [GND] of U4 on F.Cu
    @(113.3625 mm, 84.0000 mm): Pad 18 [GND] of U4 on F.Cu
[unconnected_items]: Missing connection between items
    Local override; error
    @(110.0000 mm, 77.5000 mm): Pad 2 [GND] of C27 on F.Cu
    @(107.2500 mm, 77.5000 mm): Pad 2 [GND] of C24 on F.Cu
[unconnected_items]: Missing connection between items
    Local override; error
    @(110.0000 mm, 77.5000 mm): Pad 2 [GND] of C27 on F.Cu
    @(112.7500 mm, 77.5000 mm): Pad 2 [GND] of R18 on F.Cu
[unconnected_items]: Missing connection between items
    Local override; error
    @(112.7500 mm, 77.5000 mm): Pad 2 [GND] of R18 on F.Cu
    @(113.3625 mm, 84.0000 mm): Pad 18 [GND] of U4 on F.Cu
[unconnected_items]: Missing connection between items
    Local override; error
    @(112.7500 mm, 108.7750 mm): Pad 2 [GND] of C41 on F.Cu
    @(115.2500 mm, 114.5000 mm): Pad 2 [GND] of C42 on F.Cu
[unconnected_items]: Missing connection between items
    Local override; error
    @(115.2500 mm, 114.5000 mm): Pad 2 [GND] of C42 on F.Cu
    @(112.5000 mm, 119.8750 mm): Pad 2 [GND] of R33 on F.Cu
[unconnected_items]: Missing connection between items
    Local override; error
    @(116.5075 mm, 134.8650 mm): PTH pad 2 [GND] of J3
    @(123.4925 mm, 134.8650 mm): PTH pad 2 [GND] of J3
[unconnected_items]: Missing connection between items
    Local override; error
    @(116.5075 mm, 134.8650 mm): PTH pad 2 [GND] of J3
    @(103.4925 mm, 134.8650 mm): PTH pad 2 [GND] of J4
[unconnected_items]: Missing connection between items
    Local override; error
    @(116.5075 mm, 134.8650 mm): PTH pad 2 [GND] of J3
    @(112.5000 mm, 119.8750 mm): Pad 2 [GND] of R33 on F.Cu
[unconnected_items]: Missing connection between items
    Local override; error
    @(116.5075 mm, 137.6000 mm): Pad 2 [GND] of J3 on F.Cu
    @(116.5075 mm, 137.6000 mm): Pad 2 [GND] of J3 on B.Cu
[unconnected_items]: Missing connection between items
    Local override; error
    @(116.5075 mm, 137.6000 mm): Pad 2 [GND] of J3 on B.Cu
    @(116.5075 mm, 134.8650 mm): PTH pad 2 [GND] of J3
[unconnected_items]: Missing connection between items
    Local override; error
    @(118.5500 mm, 80.5000 mm): Pad 1 [GND] of R27 on F.Cu
    @(123.7500 mm, 80.5500 mm): Pad 1 [GND] of R28 on F.Cu
[unconnected_items]: Missing connection between items
    Local override; error
    @(118.5500 mm, 80.5000 mm): Pad 1 [GND] of R27 on F.Cu
    @(113.3625 mm, 84.0000 mm): Pad 18 [GND] of U4 on F.Cu
[unconnected_items]: Missing connection between items
    Local override; error
    @(120.8500 mm, 90.8500 mm): Pad 1 [GND] of R31 on F.Cu
    @(126.2500 mm, 93.2500 mm): Pad 1 [GND] of R32 on F.Cu
[unconnected_items]: Missing connection between items
    Local override; error
    @(121.0000 mm, 75.0625 mm): Pad 1 [GND] of C25 on F.Cu
    @(118.5500 mm, 80.5000 mm): Pad 1 [GND] of R27 on F.Cu
[unconnected_items]: Missing connection between items
    Local override; error
    @(123.4925 mm, 134.8650 mm): PTH pad 2 [GND] of J3
    @(142.5000 mm, 134.6000 mm): PTH pad D1 [GND] of U1
[unconnected_items]: Missing connection between items
    Local override; error
    @(123.4925 mm, 137.6000 mm): Pad 2 [GND] of J3 on F.Cu
    @(123.4925 mm, 137.6000 mm): Pad 2 [GND] of J3 on B.Cu
[unconnected_items]: Missing connection between items
    Local override; error
    @(123.4925 mm, 137.6000 mm): Pad 2 [GND] of J3 on F.Cu
    @(123.4925 mm, 134.8650 mm): PTH pad 2 [GND] of J3
[unconnected_items]: Missing connection between items
    Local override; error
    @(123.7500 mm, 80.5500 mm): Pad 1 [GND] of R28 on F.Cu
    @(126.5380 mm, 78.6550 mm): Pad 4 [GND] of IC2 on F.Cu
[unconnected_items]: Missing connection between items
    Local override; error
    @(123.7500 mm, 80.5500 mm): Pad 1 [GND] of R28 on F.Cu
    @(127.7250 mm, 84.0000 mm): Pad 1 [GND] of C28 on F.Cu
[unconnected_items]: Missing connection between items
    Local override; error
    @(126.2500 mm, 93.2500 mm): Pad 1 [GND] of R32 on F.Cu
    @(127.7250 mm, 84.0000 mm): Pad 1 [GND] of C28 on F.Cu
[unconnected_items]: Missing connection between items
    Local override; error
    @(126.6500 mm, 69.4500 mm): Pad 1 [GND] of R21 on F.Cu
    @(121.0000 mm, 75.0625 mm): Pad 1 [GND] of C25 on F.Cu
[unconnected_items]: Missing connection between items
    Local override; error
    @(126.6500 mm, 69.4500 mm): Pad 1 [GND] of R21 on F.Cu
    @(137.8125 mm, 72.2500 mm): Pad 2 [GND] of C26 on F.Cu
[unconnected_items]: Missing connection between items
    Local override; error
    @(131.9500 mm, 106.2500 mm): Pad 1 [GND] of R30 on F.Cu
    @(140.3125 mm, 106.2500 mm): Pad 1 [GND] of C37 on F.Cu
[unconnected_items]: Missing connection between items
    Local override; error
    @(137.8125 mm, 72.2500 mm): Pad 2 [GND] of C26 on F.Cu
    @(137.8125 mm, 75.1500 mm): Pad 2 [GND] of C29 on F.Cu
[unconnected_items]: Missing connection between items
    Local override; error
    @(137.8125 mm, 72.2500 mm): Pad 2 [GND] of C26 on F.Cu
    @(139.6500 mm, 61.7500 mm): PTH pad 1 [GND] of TP10
[unconnected_items]: Missing connection between items
    Local override; error
    @(137.8125 mm, 75.1500 mm): Pad 2 [GND] of C29 on F.Cu
    @(140.3625 mm, 79.4000 mm): Pad 1 [GND] of R29 on F.Cu
[unconnected_items]: Missing connection between items
    Local override; error
    @(140.3125 mm, 106.2500 mm): Pad 1 [GND] of C37 on F.Cu
    @(140.3750 mm, 98.2500 mm): Pad 1 [GND] of C36 on F.Cu
[unconnected_items]: Missing connection between items
    Local override; error
    @(140.3750 mm, 82.2500 mm): Pad 1 [GND] of C34 on F.Cu
    @(140.3625 mm, 79.4000 mm): Pad 1 [GND] of R29 on F.Cu
[unconnected_items]: Missing connection between items
    Local override; error
    @(140.3750 mm, 82.2500 mm): Pad 1 [GND] of C34 on F.Cu
    @(140.3750 mm, 90.2500 mm): Pad 1 [GND] of C35 on F.Cu
[unconnected_items]: Missing connection between items
    Local override; error
    @(140.3750 mm, 98.2500 mm): Pad 1 [GND] of C36 on F.Cu
    @(140.3750 mm, 90.2500 mm): Pad 1 [GND] of C35 on F.Cu
[unconnected_items]: Missing connection between items
    Local override; error
    @(142.5000 mm, 134.6000 mm): PTH pad D1 [GND] of U1
    @(145.0000 mm, 137.1000 mm): PTH pad C1 [GND] of U1
[unconnected_items]: Missing connection between items
    Local override; error
    @(134.6250 mm, 83.3375 mm): Pad 1 [Net-(C31-Pad2)] of L4 on F.Cu
    @(137.2500 mm, 82.2500 mm): Pad 2 [Net-(C31-Pad2)] of C34 on F.Cu
[unconnected_items]: Missing connection between items
    Local override; error
    @(134.7500 mm, 80.8500 mm): Pad 2 [Net-(C31-Pad2)] of R26 on F.Cu
    @(134.6250 mm, 83.3375 mm): Pad 1 [Net-(C31-Pad2)] of L4 on F.Cu
[unconnected_items]: Missing connection between items
    Local override; error
    @(137.2500 mm, 82.2500 mm): Pad 2 [Net-(C31-Pad2)] of C34 on F.Cu
    @(137.2625 mm, 79.4000 mm): Pad 2 [Net-(C31-Pad2)] of R29 on F.Cu
[unconnected_items]: Missing connection between items
    Local override; error
    @(137.5000 mm, 84.6875 mm): Pad 2 [Net-(C31-Pad2)] of C31 on F.Cu
    @(137.2500 mm, 82.2500 mm): Pad 2 [Net-(C31-Pad2)] of C34 on F.Cu
[unconnected_items]: Missing connection between items
    Local override; error
    @(142.0000 mm, 74.7500 mm): PTH pad 1 [Net-(C31-Pad2)] of TP14
    @(137.2625 mm, 79.4000 mm): Pad 2 [Net-(C31-Pad2)] of R29 on F.Cu
[unconnected_items]: Missing connection between items
    Local override; error
    @(104.0000 mm, 77.1000 mm): Pad 1 [Net-(U4-COMP)] of C23 on F.Cu
    @(107.6375 mm, 84.0000 mm): Pad 3 [Net-(U4-COMP)] of U4 on F.Cu
[unconnected_items]: Missing connection between items
    Local override; error
    @(40.3500 mm, 50.3200 mm): PTH pad 2 [/3.3V] of U2
    @(80.1075 mm, 89.2000 mm): Pad 5 [/3.3V] of U3 on F.Cu
[unconnected_items]: Missing connection between items
    Local override; error
    @(80.1075 mm, 89.2000 mm): Pad 5 [/3.3V] of U3 on F.Cu
    @(80.1075 mm, 89.8500 mm): Pad 4 [/3.3V] of U3 on F.Cu
[unconnected_items]: Missing connection between items
    Local override; error
    @(84.1250 mm, 91.6667 mm): Pad 2 [/3.3V] of C1 on F.Cu
    @(80.1075 mm, 89.8500 mm): Pad 4 [/3.3V] of U3 on F.Cu
[unconnected_items]: Missing connection between items
    Local override; error
    @(84.1250 mm, 94.3333 mm): Pad 1 [/3.3V] of C2 on F.Cu
    @(84.1250 mm, 91.6667 mm): Pad 2 [/3.3V] of C1 on F.Cu
[unconnected_items]: Missing connection between items
    Local override; error
    @(84.1250 mm, 94.3333 mm): Pad 1 [/3.3V] of C2 on F.Cu
    @(87.2500 mm, 97.0000 mm): Pad 2 [/3.3V] of C4 on F.Cu
[unconnected_items]: Missing connection between items
    Local override; error
    @(93.8720 mm, 84.0500 mm): Pad 4 [/3.3V] of Y1 on F.Cu
    @(84.1250 mm, 91.6667 mm): Pad 2 [/3.3V] of C1 on F.Cu
[unconnected_items]: Missing connection between items
    Local override; error
    @(94.5000 mm, 80.7500 mm): Pad 1 [/3.3V] of C39 on F.Cu
    @(93.8720 mm, 84.0500 mm): Pad 4 [/3.3V] of Y1 on F.Cu
[unconnected_items]: Missing connection between items
    Local override; error
    @(94.5000 mm, 80.7500 mm): Pad 1 [/3.3V] of C39 on F.Cu
    @(100.8750 mm, 77.1000 mm): Pad 2 [/3.3V] of C23 on F.Cu
[unconnected_items]: Missing connection between items
    Local override; error
    @(104.0000 mm, 79.9000 mm): Pad 1 [/3.3V] of C21 on F.Cu
    @(104.0000 mm, 82.7000 mm): Pad 2 [/3.3V] of C20 on F.Cu
[unconnected_items]: Missing connection between items
    Local override; error
    @(104.0000 mm, 79.9000 mm): Pad 1 [/3.3V] of C21 on F.Cu
    @(100.8750 mm, 77.1000 mm): Pad 2 [/3.3V] of C23 on F.Cu
[unconnected_items]: Missing connection between items
    Local override; error
    @(107.6375 mm, 84.6500 mm): Pad 4 [/3.3V] of U4 on F.Cu
    @(104.0000 mm, 82.7000 mm): Pad 2 [/3.3V] of C20 on F.Cu
[unconnected_items]: Missing connection between items
    Local override; error
    @(107.6375 mm, 85.3000 mm): Pad 5 [/3.3V] of U4 on F.Cu
    @(107.6375 mm, 84.6500 mm): Pad 4 [/3.3V] of U4 on F.Cu
[unconnected_items]: Missing connection between items
    Local override; error
    @(100.9000 mm, 97.7950 mm): Pad 2 [Net-(U4-FSELECT)] of R23 on F.Cu
    @(107.6375 mm, 87.9000 mm): Pad 9 [Net-(U4-FSELECT)] of U4 on F.Cu
[unconnected_items]: Missing connection between items
    Local override; error
    @(110.0000 mm, 80.6250 mm): Pad 1 [Net-(U4-FS_ADJUST)] of C27 on F.Cu
    @(107.6375 mm, 82.7000 mm): Pad 1 [Net-(U4-FS_ADJUST)] of U4 on F.Cu
[unconnected_items]: Missing connection between items
    Local override; error
    @(112.7500 mm, 80.6000 mm): Pad 1 [Net-(U4-FS_ADJUST)] of R18 on F.Cu
    @(110.0000 mm, 80.6250 mm): Pad 1 [Net-(U4-FS_ADJUST)] of C27 on F.Cu
[unconnected_items]: Missing connection between items
    Local override; error
    @(107.2500 mm, 80.6250 mm): Pad 1 [Net-(U4-REFOUT)] of C24 on F.Cu
    @(107.6375 mm, 83.3500 mm): Pad 2 [Net-(U4-REFOUT)] of U4 on F.Cu
[unconnected_items]: Missing connection between items
    Local override; error
    @(104.0000 mm, 85.5000 mm): Pad 2 [Net-(U4-CAP/2.5V)] of C22 on F.Cu
    @(107.6375 mm, 85.9500 mm): Pad 6 [Net-(U4-CAP/2.5V)] of U4 on F.Cu
[unconnected_items]: Missing connection between items
    Local override; error
    @(104.0000 mm, 100.5000 mm): Pad 2 [Net-(U4-SLEEP)] of R17 on F.Cu
    @(113.3625 mm, 87.9000 mm): Pad 12 [Net-(U4-SLEEP)] of U4 on F.Cu
[unconnected_items]: Missing connection between items
    Local override; error
    @(80.0450 mm, 94.3750 mm): Pad 1 [Net-(U3-REFOUT)] of C5 on F.Cu
    @(80.1075 mm, 91.1500 mm): Pad 2 [Net-(U3-REFOUT)] of U3 on F.Cu
[unconnected_items]: Missing connection between items
    Local override; error
    @(134.7500 mm, 91.0750 mm): Pad 1 [Net-(C31-Pad1)] of L5 on F.Cu
    @(137.2500 mm, 90.2500 mm): Pad 2 [Net-(C31-Pad1)] of C35 on F.Cu
[unconnected_items]: Missing connection between items
    Local override; error
    @(137.2500 mm, 90.2500 mm): Pad 2 [Net-(C31-Pad1)] of C35 on F.Cu
    @(137.5000 mm, 87.8125 mm): Pad 1 [Net-(C31-Pad1)] of C31 on F.Cu
[unconnected_items]: Missing connection between items
    Local override; error
    @(137.2500 mm, 90.2500 mm): Pad 2 [Net-(C31-Pad1)] of C35 on F.Cu
    @(137.5000 mm, 92.6875 mm): Pad 2 [Net-(C31-Pad1)] of C32 on F.Cu
[unconnected_items]: Missing connection between items
    Local override; error
    @(137.5000 mm, 87.8125 mm): Pad 1 [Net-(C31-Pad1)] of C31 on F.Cu
    @(134.6250 mm, 86.6625 mm): Pad 2 [Net-(C31-Pad1)] of L4 on F.Cu
[unconnected_items]: Missing connection between items
    Local override; error
    @(66.3254 mm, 121.1600 mm): Pad 2 [Net-(C12-Pad2)] of C12 on F.Cu
    @(68.9414 mm, 120.7975 mm): Pad 2 [Net-(C12-Pad2)] of C15 on F.Cu
[unconnected_items]: Missing connection between items
    Local override; error
    @(67.7500 mm, 118.1600 mm): Pad 1 [Net-(C12-Pad2)] of L1 on F.Cu
    @(68.9414 mm, 120.7975 mm): Pad 2 [Net-(C12-Pad2)] of C15 on F.Cu
[unconnected_items]: Missing connection between items
    Local override; error
    @(68.9414 mm, 120.7975 mm): Pad 2 [Net-(C12-Pad2)] of C15 on F.Cu
    @(71.7700 mm, 120.8100 mm): Pad 2 [Net-(C12-Pad2)] of R13 on F.Cu
[unconnected_items]: Missing connection between items
    Local override; error
    @(70.1700 mm, 118.1600 mm): Pad 2 [Net-(C12-Pad2)] of R10 on F.Cu
    @(67.7500 mm, 118.1600 mm): Pad 1 [Net-(C12-Pad2)] of L1 on F.Cu
[unconnected_items]: Missing connection between items
    Local override; error
    @(75.9700 mm, 125.1600 mm): PTH pad 1 [Net-(C12-Pad2)] of TP8
    @(71.7700 mm, 120.8100 mm): Pad 2 [Net-(C12-Pad2)] of R13 on F.Cu
[unconnected_items]: Missing connection between items
    Local override; error
    @(49.6111 mm, 121.1600 mm): Pad 2 [Net-(C13-Pad1)] of C14 on F.Cu
    @(52.2271 mm, 121.0350 mm): Pad 2 [Net-(C13-Pad1)] of C17 on F.Cu
[unconnected_items]: Missing connection between items
    Local override; error
    @(52.2271 mm, 121.0350 mm): Pad 2 [Net-(C13-Pad1)] of C17 on F.Cu
    @(54.8432 mm, 121.2350 mm): Pad 1 [Net-(C13-Pad1)] of C13 on F.Cu
[unconnected_items]: Missing connection between items
    Local override; error
    @(52.2271 mm, 121.0350 mm): Pad 2 [Net-(C13-Pad1)] of C17 on F.Cu
    @(52.3700 mm, 118.1600 mm): Pad 1 [Net-(C13-Pad1)] of L3 on F.Cu
[unconnected_items]: Missing connection between items
    Local override; error
    @(54.8432 mm, 121.2350 mm): Pad 1 [Net-(C13-Pad1)] of C13 on F.Cu
    @(57.2950 mm, 118.1600 mm): Pad 2 [Net-(C13-Pad1)] of L2 on F.Cu
[unconnected_items]: Missing connection between items
    Local override; error
    @(57.9682 mm, 121.2350 mm): Pad 2 [Net-(C12-Pad1)] of C13 on F.Cu
    @(60.5843 mm, 121.0350 mm): Pad 2 [Net-(C12-Pad1)] of C16 on F.Cu
[unconnected_items]: Missing connection between items
    Local override; error
    @(60.5843 mm, 121.0350 mm): Pad 2 [Net-(C12-Pad1)] of C16 on F.Cu
    @(63.2004 mm, 121.1600 mm): Pad 1 [Net-(C12-Pad1)] of C12 on F.Cu
[unconnected_items]: Missing connection between items
    Local override; error
    @(60.6200 mm, 118.1600 mm): Pad 1 [Net-(C12-Pad1)] of L2 on F.Cu
    @(60.5843 mm, 121.0350 mm): Pad 2 [Net-(C12-Pad1)] of C16 on F.Cu
[unconnected_items]: Missing connection between items
    Local override; error
    @(63.2004 mm, 121.1600 mm): Pad 1 [Net-(C12-Pad1)] of C12 on F.Cu
    @(64.4250 mm, 118.1600 mm): Pad 2 [Net-(C12-Pad1)] of L1 on F.Cu
[unconnected_items]: Missing connection between items
    Local override; error
    @(69.3700 mm, 114.2380 mm): Pad 2 [/4.5V] of R9 on F.Cu
    @(66.6200 mm, 114.2850 mm): Pad 2 [/4.5V] of C10 on F.Cu
[unconnected_items]: Missing connection between items
    Local override; error
    @(74.3050 mm, 115.4500 mm): Pad 7 [/4.5V] of IC1 on F.Cu
    @(69.3700 mm, 114.2380 mm): Pad 2 [/4.5V] of R9 on F.Cu
[unconnected_items]: Missing connection between items
    Local override; error
    @(75.8700 mm, 118.0350 mm): Pad 1 [/4.5V] of C8 on F.Cu
    @(78.6200 mm, 118.0350 mm): Pad 1 [/4.5V] of C7 on F.Cu
[unconnected_items]: Missing connection between items
    Local override; error
    @(75.8700 mm, 118.0350 mm): Pad 1 [/4.5V] of C8 on F.Cu
    @(74.3050 mm, 115.4500 mm): Pad 7 [/4.5V] of IC1 on F.Cu
[unconnected_items]: Missing connection between items
    Local override; error
    @(109.6250 mm, 108.7750 mm): Pad 1 [/4.5V] of C41 on F.Cu
    @(110.0545 mm, 111.2350 mm): Pad 5 [/4.5V] of IC3 on F.Cu
[unconnected_items]: Missing connection between items
    Local override; error
    @(110.0545 mm, 111.2350 mm): Pad 5 [/4.5V] of IC3 on F.Cu
    @(78.6200 mm, 118.0350 mm): Pad 1 [/4.5V] of C7 on F.Cu
[unconnected_items]: Missing connection between items
    Local override; error
    @(112.5000 mm, 111.3750 mm): Pad 1 [/4.5V] of R34 on F.Cu
    @(110.0545 mm, 111.2350 mm): Pad 5 [/4.5V] of IC3 on F.Cu
[unconnected_items]: Missing connection between items
    Local override; error
    @(115.2500 mm, 111.3750 mm): Pad 1 [/4.5V] of C42 on F.Cu
    @(112.5000 mm, 111.3750 mm): Pad 1 [/4.5V] of R34 on F.Cu
[unconnected_items]: Missing connection between items
    Local override; error
    @(115.2500 mm, 111.3750 mm): Pad 1 [/4.5V] of C42 on F.Cu
    @(130.8500 mm, 84.0000 mm): Pad 2 [/4.5V] of C28 on F.Cu
[unconnected_items]: Missing connection between items
    Local override; error
    @(130.8000 mm, 81.2500 mm): Pad 2 [/4.5V] of R25 on F.Cu
    @(130.8500 mm, 84.0000 mm): Pad 2 [/4.5V] of C28 on F.Cu
[unconnected_items]: Missing connection between items
    Local override; error
    @(130.8000 mm, 81.2500 mm): Pad 2 [/4.5V] of R25 on F.Cu
    @(131.9620 mm, 76.1150 mm): Pad 7 [/4.5V] of IC2 on F.Cu
[unconnected_items]: Missing connection between items
    Local override; error
    @(131.9620 mm, 76.1150 mm): Pad 7 [/4.5V] of IC2 on F.Cu
    @(134.6875 mm, 75.1500 mm): Pad 1 [/4.5V] of C29 on F.Cu
[unconnected_items]: Missing connection between items
    Local override; error
    @(134.6875 mm, 75.1500 mm): Pad 1 [/4.5V] of C29 on F.Cu
    @(134.6875 mm, 72.2500 mm): Pad 1 [/4.5V] of C26 on F.Cu
[unconnected_items]: Missing connection between items
    Local override; error
    @(121.0000 mm, 71.9375 mm): Pad 2 [Net-(C25-Pad2)] of C25 on F.Cu
    @(123.7500 mm, 71.9500 mm): Pad 1 [Net-(C25-Pad2)] of R19 on F.Cu
[unconnected_items]: Missing connection between items
    Local override; error
    @(123.7500 mm, 75.0500 mm): Pad 2 [Net-(IC2--IN)] of R19 on F.Cu
    @(126.5380 mm, 76.1150 mm): Pad 2 [Net-(IC2--IN)] of IC2 on F.Cu
[unconnected_items]: Missing connection between items
    Local override; error
    @(126.6500 mm, 72.5500 mm): Pad 2 [Net-(IC2--IN)] of R21 on F.Cu
    @(126.5380 mm, 76.1150 mm): Pad 2 [Net-(IC2--IN)] of IC2 on F.Cu
[unconnected_items]: Missing connection between items
    Local override; error
    @(129.2000 mm, 72.2500 mm): Pad 1 [Net-(IC2--IN)] of R20 on F.Cu
    @(126.6500 mm, 72.5500 mm): Pad 2 [Net-(IC2--IN)] of R21 on F.Cu
[unconnected_items]: Missing connection between items
    Local override; error
    @(69.3700 mm, 111.1380 mm): Pad 1 [Net-(IC1-+IN)] of R9 on F.Cu
    @(73.0350 mm, 110.0260 mm): Pad 3 [Net-(IC1-+IN)] of IC1 on F.Cu
[unconnected_items]: Missing connection between items
    Local override; error
    @(72.5000 mm, 107.4100 mm): Pad 2 [Net-(IC1-+IN)] of R12 on F.Cu
    @(69.1250 mm, 97.2500 mm): Pad 2 [Net-(IC1-+IN)] of C11 on F.Cu
[unconnected_items]: Missing connection between items
    Local override; error
    @(73.0350 mm, 110.0260 mm): Pad 3 [Net-(IC1-+IN)] of IC1 on F.Cu
    @(72.5000 mm, 107.4100 mm): Pad 2 [Net-(IC1-+IN)] of R12 on F.Cu
[unconnected_items]: Missing connection between items
    Local override; error
    @(74.9000 mm, 107.4100 mm): Pad 2 [Net-(IC1--IN)] of R3 on F.Cu
    @(74.3050 mm, 110.0260 mm): Pad 2 [Net-(IC1--IN)] of IC1 on F.Cu
[unconnected_items]: Missing connection between items
    Local override; error
    @(77.6200 mm, 110.1380 mm): Pad 2 [Net-(IC1--IN)] of R5 on F.Cu
    @(74.3050 mm, 110.0260 mm): Pad 2 [Net-(IC1--IN)] of IC1 on F.Cu
[unconnected_items]: Missing connection between items
    Local override; error
    @(77.8700 mm, 112.3380 mm): Pad 1 [Net-(IC1--IN)] of R4 on F.Cu
    @(77.6200 mm, 110.1380 mm): Pad 2 [Net-(IC1--IN)] of R5 on F.Cu
[unconnected_items]: Missing connection between items
    Local override; error
    @(80.1075 mm, 90.5000 mm): Pad 3 [Net-(U3-COMP)] of U3 on F.Cu
    @(84.1250 mm, 97.0000 mm): Pad 1 [Net-(U3-COMP)] of C4 on F.Cu
[unconnected_items]: Missing connection between items
    Local override; error
    @(112.5000 mm, 114.4750 mm): Pad 2 [Net-(IC3-ADJ)] of R34 on F.Cu
    @(110.0545 mm, 113.1350 mm): Pad 4 [Net-(IC3-ADJ)] of IC3 on F.Cu
[unconnected_items]: Missing connection between items
    Local override; error
    @(112.5000 mm, 116.7750 mm): Pad 1 [Net-(IC3-ADJ)] of R33 on F.Cu
    @(112.5000 mm, 114.4750 mm): Pad 2 [Net-(IC3-ADJ)] of R34 on F.Cu
[unconnected_items]: Missing connection between items
    Local override; error
    @(123.7500 mm, 77.4500 mm): Pad 2 [Net-(IC2-+IN)] of R28 on F.Cu
    @(118.5000 mm, 77.7500 mm): Pad 2 [Net-(IC2-+IN)] of C30 on F.Cu
[unconnected_items]: Missing connection between items
    Local override; error
    @(126.5380 mm, 77.3850 mm): Pad 3 [Net-(IC2-+IN)] of IC2 on F.Cu
    @(123.7500 mm, 77.4500 mm): Pad 2 [Net-(IC2-+IN)] of R28 on F.Cu
[unconnected_items]: Missing connection between items
    Local override; error
    @(127.7000 mm, 81.2500 mm): Pad 1 [Net-(IC2-+IN)] of R25 on F.Cu
    @(126.5380 mm, 77.3850 mm): Pad 3 [Net-(IC2-+IN)] of IC2 on F.Cu
[unconnected_items]: Missing connection between items
    Local override; error
    @(78.0000 mm, 104.7500 mm): Pad 2 [Net-(C6-Pad2)] of C6 on F.Cu
    @(78.0000 mm, 107.4100 mm): Pad 1 [Net-(C6-Pad2)] of R3 on F.Cu
[unconnected_items]: Missing connection between items
    Local override; error
    @(53.0500 mm, 30.0000 mm): PTH pad 26 [/Vbus_5V] of U2
    @(104.7500 mm, 110.4500 mm): Pad 1 [/Vbus_5V] of C40 on F.Cu
[unconnected_items]: Missing connection between items
    Local override; error
    @(107.5545 mm, 111.2350 mm): Pad 1 [/Vbus_5V] of IC3 on F.Cu
    @(104.7500 mm, 110.4500 mm): Pad 1 [/Vbus_5V] of C40 on F.Cu
[unconnected_items]: Missing connection between items
    Local override; error
    @(107.5545 mm, 113.1350 mm): Pad 3 [/Vbus_5V] of IC3 on F.Cu
    @(107.5545 mm, 111.2350 mm): Pad 1 [/Vbus_5V] of IC3 on F.Cu
[unconnected_items]: Missing connection between items
    Local override; error
    @(74.3825 mm, 86.6000 mm): Pad 12 [Net-(U3-SLEEP)] of U3 on F.Cu
    @(75.9000 mm, 74.4500 mm): Pad 2 [Net-(U3-SLEEP)] of R1 on F.Cu
[unconnected_items]: Missing connection between items
    Local override; error
    @(79.0000 mm, 80.0000 mm): Pad 2 [Net-(U3-FSELECT)] of R7 on F.Cu
    @(80.1075 mm, 86.6000 mm): Pad 9 [Net-(U3-FSELECT)] of U3 on F.Cu
[unconnected_items]: Missing connection between items
    Local override; error
    @(74.6250 mm, 94.4000 mm): Pad 1 [Net-(U3-FS_ADJUST)] of R2 on F.Cu
    @(77.3750 mm, 94.3750 mm): Pad 1 [Net-(U3-FS_ADJUST)] of C9 on F.Cu
[unconnected_items]: Missing connection between items
    Local override; error
    @(77.3750 mm, 94.3750 mm): Pad 1 [Net-(U3-FS_ADJUST)] of C9 on F.Cu
    @(80.1075 mm, 91.8000 mm): Pad 1 [Net-(U3-FS_ADJUST)] of U3 on F.Cu
[unconnected_items]: Missing connection between items
    Local override; error
    @(80.1075 mm, 88.5500 mm): Pad 6 [Net-(U3-CAP/2.5V)] of U3 on F.Cu
    @(84.1250 mm, 89.0000 mm): Pad 2 [Net-(U3-CAP/2.5V)] of C3 on F.Cu
[unconnected_items]: Missing connection between items
    Local override; error
    @(43.8700 mm, 118.6820 mm): Pad 2 [/SMA_IOUTB_1] of R14 on F.Cu
    @(43.8700 mm, 120.9600 mm): Pad 2 [/SMA_IOUTB_1] of C18 on F.Cu
[unconnected_items]: Missing connection between items
    Local override; error
    @(43.8700 mm, 120.9600 mm): Pad 2 [/SMA_IOUTB_1] of C18 on F.Cu
    @(46.4861 mm, 121.1600 mm): Pad 1 [/SMA_IOUTB_1] of C14 on F.Cu
[unconnected_items]: Missing connection between items
    Local override; error
    @(46.4861 mm, 121.1600 mm): Pad 1 [/SMA_IOUTB_1] of C14 on F.Cu
    @(49.0450 mm, 118.1600 mm): Pad 2 [/SMA_IOUTB_1] of L3 on F.Cu
[unconnected_items]: Missing connection between items
    Local override; error
    @(61.4925 mm, 137.6000 mm): Pad 1 [/SMA_IOUTB_1] of J1 on F.Cu
    @(46.4861 mm, 121.1600 mm): Pad 1 [/SMA_IOUTB_1] of C14 on F.Cu
[unconnected_items]: Missing connection between items
    Local override; error
    @(42.5000 mm, 137.6000 mm): Pad 1 [/SMA_IOUT_1] of J2 on F.Cu
    @(63.7500 mm, 102.5000 mm): Pad 2 [/SMA_IOUT_1] of R16 on F.Cu
[unconnected_items]: Missing connection between items
    Local override; error
    @(63.7500 mm, 102.5000 mm): Pad 2 [/SMA_IOUT_1] of R16 on F.Cu
    @(63.7500 mm, 97.2500 mm): Pad 2 [/SMA_IOUT_1] of C19 on F.Cu
[unconnected_items]: Missing connection between items
    Local override; error
    @(120.0000 mm, 137.6000 mm): Pad 1 [/SMA_IOUTB_2] of J3 on F.Cu
    @(135.0500 mm, 106.2500 mm): Pad 2 [/SMA_IOUTB_2] of R30 on F.Cu
[unconnected_items]: Missing connection between items
    Local override; error
    @(135.0500 mm, 106.2500 mm): Pad 2 [/SMA_IOUTB_2] of R30 on F.Cu
    @(137.1875 mm, 106.2500 mm): Pad 2 [/SMA_IOUTB_2] of C37 on F.Cu
[unconnected_items]: Missing connection between items
    Local override; error
    @(137.1875 mm, 106.2500 mm): Pad 2 [/SMA_IOUTB_2] of C37 on F.Cu
    @(137.5000 mm, 103.8125 mm): Pad 1 [/SMA_IOUTB_2] of C33 on F.Cu
[unconnected_items]: Missing connection between items
    Local override; error
    @(137.5000 mm, 103.8125 mm): Pad 1 [/SMA_IOUTB_2] of C33 on F.Cu
    @(134.7500 mm, 101.9250 mm): Pad 2 [/SMA_IOUTB_2] of L6 on F.Cu
[unconnected_items]: Missing connection between items
    Local override; error
    @(100.0000 mm, 137.6000 mm): Pad 1 [/SMA_IOUT_2] of J4 on F.Cu
    @(123.1500 mm, 93.2500 mm): Pad 2 [/SMA_IOUT_2] of R32 on F.Cu
[unconnected_items]: Missing connection between items
    Local override; error
    @(123.1500 mm, 93.2500 mm): Pad 2 [/SMA_IOUT_2] of R32 on F.Cu
    @(123.5000 mm, 90.8750 mm): Pad 2 [/SMA_IOUT_2] of C38 on F.Cu
[unconnected_items]: Missing connection between items
    Local override; error
    @(68.2900 mm, 30.0000 mm): PTH pad 20 [/PSEL] of U2
    @(79.0000 mm, 77.2250 mm): Pad 2 [/PSEL] of R6 on F.Cu
[unconnected_items]: Missing connection between items
    Local override; error
    @(79.0000 mm, 77.2250 mm): Pad 2 [/PSEL] of R6 on F.Cu
    @(80.1075 mm, 85.9500 mm): Pad 10 [/PSEL] of U3 on F.Cu
[unconnected_items]: Missing connection between items
    Local override; error
    @(80.1075 mm, 85.9500 mm): Pad 10 [/PSEL] of U3 on F.Cu
    @(100.9000 mm, 95.0900 mm): Pad 2 [/PSEL] of R22 on F.Cu
[unconnected_items]: Missing connection between items
    Local override; error
    @(100.9000 mm, 95.0900 mm): Pad 2 [/PSEL] of R22 on F.Cu
    @(107.6375 mm, 88.5500 mm): Pad 10 [/PSEL] of U4 on F.Cu
[unconnected_items]: Missing connection between items
    Local override; error
    @(107.6375 mm, 88.5500 mm): Pad 10 [/PSEL] of U4 on F.Cu
    @(106.2500 mm, 61.7500 mm): PTH pad 1 [/PSEL] of TP5
[unconnected_items]: Missing connection between items
    Local override; error
    @(74.3825 mm, 87.9000 mm): Pad 14 [/SCLK] of U3 on F.Cu
    @(82.6500 mm, 61.7500 mm): PTH pad 1 [/SCLK] of TP1
[unconnected_items]: Missing connection between items
    Local override; error
    @(74.3825 mm, 87.9000 mm): Pad 14 [/SCLK] of U3 on F.Cu
    @(113.3625 mm, 86.6000 mm): Pad 14 [/SCLK] of U4 on F.Cu
[unconnected_items]: Missing connection between items
    Local override; error
    @(82.6500 mm, 61.7500 mm): PTH pad 1 [/SCLK] of TP1
    @(63.2100 mm, 50.3200 mm): PTH pad 11 [/SCLK] of U2
[unconnected_items]: Missing connection between items
    Local override; error
    @(74.3825 mm, 87.2500 mm): Pad 13 [/SDATA] of U3 on F.Cu
    @(87.8500 mm, 61.7500 mm): PTH pad 1 [/SDATA] of TP2
[unconnected_items]: Missing connection between items
    Local override; error
    @(87.8500 mm, 61.7500 mm): PTH pad 1 [/SDATA] of TP2
    @(65.7500 mm, 50.3200 mm): PTH pad 12 [/SDATA] of U2
[unconnected_items]: Missing connection between items
    Local override; error
    @(113.3625 mm, 87.2500 mm): Pad 13 [/SDATA] of U4 on F.Cu
    @(87.8500 mm, 61.7500 mm): PTH pad 1 [/SDATA] of TP2
[unconnected_items]: Missing connection between items
    Local override; error
    @(74.3825 mm, 88.5500 mm): Pad 15 [/FSYNC1] of U3 on F.Cu
    @(76.0500 mm, 61.7500 mm): PTH pad 1 [/FSYNC1] of TP3
[unconnected_items]: Missing connection between items
    Local override; error
    @(76.0500 mm, 61.7500 mm): PTH pad 1 [/FSYNC1] of TP3
    @(63.2100 mm, 30.0000 mm): PTH pad 22 [/FSYNC1] of U2
[unconnected_items]: Missing connection between items
    Local override; error
    @(74.3825 mm, 85.9500 mm): Pad 11 [/RESET] of U3 on F.Cu
    @(93.0500 mm, 61.7500 mm): PTH pad 1 [/RESET] of TP4
[unconnected_items]: Missing connection between items
    Local override; error
    @(93.0500 mm, 61.7500 mm): PTH pad 1 [/RESET] of TP4
    @(75.9100 mm, 50.3200 mm): PTH pad 16 [/RESET] of U2
[unconnected_items]: Missing connection between items
    Local override; error
    @(113.3625 mm, 88.5500 mm): Pad 11 [/RESET] of U4 on F.Cu
    @(93.0500 mm, 61.7500 mm): PTH pad 1 [/RESET] of TP4
[unconnected_items]: Missing connection between items
    Local override; error
    @(99.8500 mm, 61.7500 mm): PTH pad 1 [/FSYNC2] of TP11
    @(70.8300 mm, 30.0000 mm): PTH pad 19 [/FSYNC2] of U2
[unconnected_items]: Missing connection between items
    Local override; error
    @(113.3625 mm, 85.9500 mm): Pad 15 [/FSYNC2] of U4 on F.Cu
    @(99.8500 mm, 61.7500 mm): PTH pad 1 [/FSYNC2] of TP11
[unconnected_items]: Missing connection between items
    Local override; error
    @(58.1300 mm, 30.0000 mm): PTH pad 24 [/EN_A1] of U2
    @(142.5000 mm, 137.1000 mm): PTH pad A1 [/EN_A1] of U1
[unconnected_items]: Missing connection between items
    Local override; error
    @(55.5900 mm, 30.0000 mm): PTH pad 25 [/EN_E1] of U2
    @(147.5000 mm, 134.6000 mm): PTH pad E1 [/EN_E1] of U1
[unconnected_items]: Missing connection between items
    Local override; error
    @(60.6700 mm, 30.0000 mm): PTH pad 23 [/EN_B1] of U2
    @(147.5000 mm, 137.1000 mm): PTH pad B1 [/EN_B1] of U1
[unconnected_items]: Missing connection between items
    Local override; error
    @(72.2250 mm, 94.5380 mm): Pad 2 [/DDS1_IOUTB] of R11 on F.Cu
    @(72.2500 mm, 97.2500 mm): Pad 1 [/DDS1_IOUTB] of C11 on F.Cu
[unconnected_items]: Missing connection between items
    Local override; error
    @(72.2500 mm, 97.2500 mm): Pad 1 [/DDS1_IOUTB] of C11 on F.Cu
    @(74.7750 mm, 101.4500 mm): PTH pad 1 [/DDS1_IOUTB] of TP7
[unconnected_items]: Missing connection between items
    Local override; error
    @(74.3825 mm, 91.8000 mm): Pad 20 [/DDS1_IOUTB] of U3 on F.Cu
    @(72.2250 mm, 94.5380 mm): Pad 2 [/DDS1_IOUTB] of R11 on F.Cu
[unconnected_items]: Missing connection between items
    Local override; error
    @(66.8750 mm, 94.5380 mm): Pad 2 [/DDS1_IOUT] of R15 on F.Cu
    @(66.8750 mm, 97.2500 mm): Pad 1 [/DDS1_IOUT] of C19 on F.Cu
[unconnected_items]: Missing connection between items
    Local override; error
    @(66.8750 mm, 97.2500 mm): Pad 1 [/DDS1_IOUT] of C19 on F.Cu
    @(67.7500 mm, 101.4500 mm): PTH pad 1 [/DDS1_IOUT] of TP9
[unconnected_items]: Missing connection between items
    Local override; error
    @(74.3825 mm, 91.1500 mm): Pad 19 [/DDS1_IOUT] of U3 on F.Cu
    @(66.8750 mm, 94.5380 mm): Pad 2 [/DDS1_IOUT] of R15 on F.Cu
[unconnected_items]: Missing connection between items
    Local override; error
    @(113.3625 mm, 82.7000 mm): Pad 20 [/DDS2_IOUTB] of U4 on F.Cu
    @(115.4500 mm, 80.5000 mm): Pad 2 [/DDS2_IOUTB] of R27 on F.Cu
[unconnected_items]: Missing connection between items
    Local override; error
    @(115.4500 mm, 80.5000 mm): Pad 2 [/DDS2_IOUTB] of R27 on F.Cu
    @(115.3750 mm, 77.7500 mm): Pad 1 [/DDS2_IOUTB] of C30 on F.Cu
[unconnected_items]: Missing connection between items
    Local override; error
    @(115.6500 mm, 70.7000 mm): PTH pad 1 [/DDS2_IOUTB] of TP13
    @(115.3750 mm, 77.7500 mm): Pad 1 [/DDS2_IOUTB] of C30 on F.Cu
[unconnected_items]: Missing connection between items
    Local override; error
    @(113.3625 mm, 83.3500 mm): Pad 19 [/DDS2_IOUT] of U4 on F.Cu
    @(120.8500 mm, 87.7500 mm): Pad 2 [/DDS2_IOUT] of R31 on F.Cu
[unconnected_items]: Missing connection between items
    Local override; error
    @(120.8500 mm, 87.7500 mm): Pad 2 [/DDS2_IOUT] of R31 on F.Cu
    @(123.5000 mm, 87.7500 mm): Pad 1 [/DDS2_IOUT] of C38 on F.Cu
[unconnected_items]: Missing connection between items
    Local override; error
    @(123.5000 mm, 87.7500 mm): Pad 1 [/DDS2_IOUT] of C38 on F.Cu
    @(122.6500 mm, 84.7500 mm): PTH pad 1 [/DDS2_IOUT] of TP15
[unconnected_items]: Missing connection between items
    Local override; error
    @(73.0350 mm, 115.4500 mm): Pad 6 [/AD8014_OUT_1] of IC1 on F.Cu
    @(73.2700 mm, 118.1600 mm): Pad 1 [/AD8014_OUT_1] of R10 on F.Cu
[unconnected_items]: Missing connection between items
    Local override; error
    @(77.8700 mm, 115.4380 mm): Pad 2 [/AD8014_OUT_1] of R4 on F.Cu
    @(73.0350 mm, 115.4500 mm): Pad 6 [/AD8014_OUT_1] of IC1 on F.Cu
[unconnected_items]: Missing connection between items
    Local override; error
    @(131.9620 mm, 77.3850 mm): Pad 6 [/AD8014_OUT_2] of IC2 on F.Cu
    @(134.7500 mm, 77.7500 mm): Pad 1 [/AD8014_OUT_2] of R26 on F.Cu
[unconnected_items]: Missing connection between items
    Local override; error
    @(132.3000 mm, 72.2500 mm): Pad 2 [/AD8014_OUT_2] of R20 on F.Cu
    @(131.9620 mm, 77.3850 mm): Pad 6 [/AD8014_OUT_2] of IC2 on F.Cu

** Found 0 Footprint errors **

** Ignored checks **
    - Footprint has no courtyard defined
    - Track endpoint not centered on via
    - Tuning profile track geometries
    - Footprint doesn't match symbol's footprint filters
    - Footprint component type doesn't match footprint pads

** End of Report **
